[Licensing::Module] Trying to connect to existing licensing client channel...
[Licensing::IpcConnector] Connection attempt to the License Client on channel: "LicenseClient-youku" failed because channel doesn't exist; code: "0x80000002"
[Licensing::Module] GetFullLicensingClientPath:	 C:/Program Files/Tuanjie/Hub/Editor/2022.3.62t14/Editor/Data/Resources/Licensing/Client/Tuanjie.Licensing.Client.exe
[Licensing::Module] Successfully launched the LicensingClient (PId: 74268)
[Licensing::IpcConnector] Successfully connected to the License Client on channel: "LicenseClient-youku" at "2026-09-08T10:33:58.8868145Z"
[Licensing::Client] Error: Code 10 while verifying Licensing Client signature (process Id: 74268, path: "C:/Program Files/Tuanjie/Hub/Editor/2022.3.62t14/Editor/Data/Resources/Licensing/Client/Tuanjie.Licensing.Client.exe")
[Licensing::Module] Error: LicensingClient has failed validation; ignoring
[Licensing::Client] Successfully send message: {"AuthorizationCheck":"Ewh7rSekAupqcw==","messageType":"HandshakeRequest","protocolVersion":"1.12","userAgent":"TuanjieEditor/2022.3.62t14 (Windows; U; Windows NT 10.0; zh)","externalCorrelationId":"2587194592836307352"} at 1788863638
[Licensing::Client] Successfully receive message: {"protocolVersion":"1.12","sessionId":"03b3d673faad435f8680bb1d0cbdf51b","context":{"DeviceName":"ZJ-0508","DeviceModel":"System Product Name (ASUS)","PhysicalMemoryMB":"65325","SystemLanguageISO":"zh","ProcessorCount":"24","ProcessorType":"13th Gen Intel(R) Core(TM) i7-13700KF","OperatingSystem":"Windows 10  (10.0.26100) 64bit","OperatingSystemNumeric":"1000","Legacy.MachineBinding1":"00330-80000-00000-AA725","Legacy.MachineBinding2":"00000_00_000000_00_00062B_27_863CBB_E0.5","Legacy.MachineBinding4":"U3lzdGVtIFNlcmlhbCBOdW1iZXI=","Legacy.MachineBinding5":"cc:28:aa:7d:17:26","EnvironmentUser":"youku","EnvironmentDomain":"ZJ-0508","EnvironmentHostname":"ZJ-0508"},"assemblyProductVersion":"1.14.0+5d8f2d1","machineId":"J1J0c82gPJPDodbio++fQLXpQCY=","correlationId":"df535c89d19d68d127af78c84d974dbd","responseCode":200,"responseStatus":"Handshake successful","messageType":"HandshakeResponse"} at 1788863639
[Licensing::Client] Handshaking with LicensingClient:
  Version:                 1.14.0+5d8f2d1
  Session Id:              03b3d673faad435f8680bb1d0cbdf51b
  Correlation Id:          df535c89d19d68d127af78c84d974dbd
  External correlation Id: 2587194592836307352
  Machine Id:              J1J0c82gPJPDodbio++fQLXpQCY=
[Licensing::Module] Successfully connected to LicensingClient on channel: "LicenseClient-youku" (connect: 1.31s, validation: 0.07s, handshake: 0.06s)
[Licensing::IpcConnector] Successfully connected to the License Notification on channel: "LicenseClient-youku-notifications" at "2026-09-08T10:33:59.0128773Z"
[Licensing::Module] Connected to LicensingClient (PId: 74268, launch time: 0.03, total connection time: 1.44s)
[Licensing::Module] Error: Access token is unavailable; failed to update
[Licensing::Client] Successfully send message: {"AuthorizationCheck":"1Divk/VYCW95Pw==","messageType":"UpdateLicenseRequest","AccessToken":"","OrgId":"","ProjectId":"","forceUpdateLicense":true} at 1788863639
[Licensing::Client] Successfully receive message: {"responseCode":200,"responseStatus":"Licenses updated.","messageType":"UpdateLicenseResponse","authorizationCheck":"1Divk/VYCW95P6aSjzVd5rUoThUS"} at 1788863639
[Licensing::Client] Attempt to check time stamp (startTime: 1788863639, endTime: 1788863639)
[Licensing::Client] Successfully updated license
Built from 'tuanjie/1.10/staging' branch; Version is '2022.3.62t14 (1f04f7aba499) revision 2032887'; Using compiler version '192829333'; Build Type 'Release'
OS: 'Windows 11  (10.0.26100) 64bit Professional' Language: 'zh' Physical Memory: 65325 MB
[Licensing::Client] Successfully send message: {"AuthorizationCheck":"Yq4yOVhYQVPb1g==","messageType":"EntitlementDetailsRequest","entitlementIds":["com.unity.editor.legacy.pro","com.unity.editor.headless"],"packageEntitlementIds":[],"includeCustomData":false} at 1788863639
[Licensing::Client] Successfully receive message: {"entitlementGroups":[{"entitlementGroupId":"F4-AGDB-QRN4-X3UU-7KXH-P4RQ","entitlementGroupIdHash":"33d25efdcaaa32aa544bad3a9533f164d8bf246e","productName":"Unity Personal","productType":"TuanjieEditor","licenseType":"ULF","expiration":1789126439000,"matchedEntitlements":[{"entitlementId":"com.unity.editor.headless","isPackage":false,"count":1}]}],"responseCode":200,"responseStatus":"Found 1 entitlement groups and 0 free entitlements matching requested entitlement ids","messageType":"EntitlementDetailsResponse","authorizationCheck":"Yq4yOVhYQVPb1vvkoo+iHrFsqeNv"} at 1788863639
[Licensing::Client] Attempt to check time stamp (startTime: 1788863639, endTime: 1788863639)
[Licensing::Client] Successfully resolved entitlement details
[Licensing::Module] Serial number assigned to: "F4-AGDB-QRN4-X3UU-7KXH-XXXX"
BatchMode: 1, IsHumanControllingUs: 0, StartBugReporterOnCrash: 0, Is64bit: 1, IsPro: 0
[Licensing::Client] Successfully send message: {"AuthorizationCheck":"Yq4yOVhYQVPb1g==","messageType":"EntitlementDetailsRequest","entitlementIds":["com.unity.editor.headless","com.unity.editor.ui"],"packageEntitlementIds":[],"includeCustomData":false} at 1788863639
[Licensing::Client] Successfully receive message: {"entitlementGroups":[{"entitlementGroupId":"F4-AGDB-QRN4-X3UU-7KXH-P4RQ","entitlementGroupIdHash":"33d25efdcaaa32aa544bad3a9533f164d8bf246e","productName":"Unity Personal","productType":"TuanjieEditor","licenseType":"ULF","expiration":1789126439000,"matchedEntitlements":[{"entitlementId":"com.unity.editor.ui","isPackage":false,"count":1},{"entitlementId":"com.unity.editor.headless","isPackage":false,"count":1}]}],"responseCode":200,"responseStatus":"Found 1 entitlement groups and 0 free entitlements matching requested entitlement ids","messageType":"EntitlementDetailsResponse","authorizationCheck":"Yq4yOVhYQVPb1vvkoo+iHrFsqeNv"} at 1788863639
[Licensing::Client] Attempt to check time stamp (startTime: 1788863639, endTime: 1788863639)
[Licensing::Client] Successfully resolved entitlement details

COMMAND LINE ARGUMENTS:
C:\Program Files\Tuanjie\Hub\Editor\2022.3.62t14\Editor\Tuanjie.exe
-batchmode
-nographics
-projectPath
D:\NewOne\Client
-runTests
-testPlatform
editmode
-testResults
D:\NewOne\Client\TestResults-edit.xml
-logFile
D:\NewOne\Client\compile-edit.log
-quit
Successfully changed project path to: D:\NewOne\Client
D:/NewOne/Client
[Memory] Configuration Parameters - Can be set up in boot.config
    "memorysetup-bucket-allocator-granularity=16"
    "memorysetup-bucket-allocator-bucket-count=8"
    "memorysetup-bucket-allocator-block-size=33554432"
    "memorysetup-bucket-allocator-block-count=8"
    "memorysetup-main-allocator-block-size=16777216"
    "memorysetup-thread-allocator-block-size=16777216"
    "memorysetup-gfx-main-allocator-block-size=16777216"
    "memorysetup-gfx-thread-allocator-block-size=16777216"
    "memorysetup-cache-allocator-block-size=4194304"
    "memorysetup-typetree-allocator-block-size=2097152"
    "memorysetup-profiler-bucket-allocator-granularity=16"
    "memorysetup-profiler-bucket-allocator-bucket-count=8"
    "memorysetup-profiler-bucket-allocator-block-size=33554432"
    "memorysetup-profiler-bucket-allocator-block-count=8"
    "memorysetup-profiler-allocator-block-size=16777216"
    "memorysetup-profiler-editor-allocator-block-size=1048576"
    "memorysetup-temp-allocator-size-main=16777216"
    "memorysetup-job-temp-allocator-block-size=2097152"
    "memorysetup-job-temp-allocator-block-size-background=1048576"
    "memorysetup-job-temp-allocator-reduction-small-platforms=262144"
    "memorysetup-allocator-temp-initial-block-size-main=262144"
    "memorysetup-allocator-temp-initial-block-size-worker=262144"
    "memorysetup-temp-allocator-size-gfx=262144"
    "memorysetup-temp-allocator-size-background-worker=32768"
    "memorysetup-temp-allocator-size-job-worker=262144"
    "memorysetup-temp-allocator-size-preload-manager=33554432"
    "memorysetup-temp-allocator-size-nav-mesh-worker=65536"
    "memorysetup-temp-allocator-size-audio-worker=65536"
    "memorysetup-temp-allocator-size-cloud-worker=32768"
    "memorysetup-temp-allocator-size-gi-baking-worker=262144"
    "memorysetup-temp-allocator-size-gfx=262144"
Player connection [67680]  Target information:

Player connection [67680]  * "[IP] 10.20.137.218 [Port] 55504 [Flags] 2 [Guid] 3428729381 [EditorId] 3428729381 [Version] 1048832 [Id] WindowsEditor(7,ZJ-0508) [Debug] 1 [PackageName] WindowsEditor [ProjectName] Editor" 

Player connection [67680] Host joined multi-casting on [225.0.0.222:54997]...
Player connection [67680] Host joined alternative multi-casting on [225.0.0.222:34997]...
Input System module state changed to: Initialized.
AS: AutoStreaming module initializing.
[LiveLink] LiveLink library is loaded successfully. Initializing...
Certificate file already created.
InitScreenManager.StartServer, cert is C:/Users/youku/AppData/Roaming/Tuanjie/40228-rest-certificate.pem
Start HTTP server port 38000, HTTPS server port 38443.
[Package Manager] UpmClient::Connect -- Connected to IPC stream "Upm-40228" after 0.4 seconds.
[Licensing::Client] Successfully send message: {"AuthorizationCheck":"Yq4yOVhYQVPc3w==","messageType":"EntitlementDetailsRequest","entitlementIds":["com.unity.editor.ui","com.unity.editor.headless","com.unity.editor.dark-skin","com.unity.editor.disable-splash-screen","com.unity.editor.legacy.embedded","com.unity.editor.legacy.pro","com.unity.editor.platforms.android","com.unity.editor.platforms.android.pro","com.unity.editor.platforms.ios","com.unity.editor.platforms.ios.pro","com.unity.editor.platforms.nintendo3ds","com.unity.editor.platforms.ps4","com.unity.editor.platforms.pzazz","com.unity.editor.platforms.uwp","com.unity.editor.platforms.uwp.pro","com.unity.editor.platforms.vita","com.unity.editor.platforms.xboxone","com.unity.editor.watermarks.disable","com.unity.editor.watermarks.edu","com.unity.editor.watermarks.prototyping","com.unity.editor.watermarks.trial","com.unity.editor.time-limited-license","com.unity.editor.internal-developer","com.unity.tiny","cn.tuanjie.hmirp","com.unity.editor.unity.compliant","com.unity.editor.platforms.minigame","com.unity.editor.watermarks.forcedisable","com.unity.editor.guid.encryption","com.unity.editor.open-harmony.analytics.disabled","com.unity.editor.mini-game.analytics.disabled","com.unity.editor.last.activation.date","com.unity.editor.unity.expiration.2d","com.unity.editor.unity.expiration.7d","com.unity.editor.playableads.watermark","com.unity.editor.android.analytics.enable","com.unity.editor.ios.analytics.enable"],"packageEntitlementIds":[],"includeCustomData":false} at 1788863640
[Licensing::Client] Successfully receive message: {"entitlementGroups":[{"entitlementGroupId":"F4-AGDB-QRN4-X3UU-7KXH-P4RQ","entitlementGroupIdHash":"33d25efdcaaa32aa544bad3a9533f164d8bf246e","productName":"Unity Personal","productType":"TuanjieEditor","licenseType":"ULF","expiration":1789126439000,"matchedEntitlements":[{"entitlementId":"com.unity.editor.platforms.android","isPackage":false,"count":1},{"entitlementId":"com.unity.editor.platforms.uwp","isPackage":false,"count":1},{"entitlementId":"com.unity.editor.platforms.minigame","isPackage":false,"count":1},{"entitlementId":"com.unity.editor.platforms.ios","isPackage":false,"count":1},{"entitlementId":"com.unity.editor.guid.encryption","isPackage":false,"count":1},{"entitlementId":"com.unity.editor.ui","isPackage":false,"count":1},{"entitlementId":"com.unity.editor.headless","isPackage":false,"count":1},{"entitlementId":"com.unity.editor.unity.expiration.2d","isPackage":false,"count":1},{"entitlementId":"com.unity.editor.ios.analytics.enable","isPackage":false,"count":1},{"entitlementId":"com.unity.editor.android.analytics.enable","isPackage":false,"count":1},{"entitlementId":"com.unity.editor.watermarks.forcedisable","isPackage":false,"count":1},{"entitlementId":"com.unity.editor.last.activation.date","isPackage":false,"count":1},{"entitlementId":"com.unity.editor.unity.compliant","isPackage":false,"count":1},{"entitlementId":"com.unity.editor.mini-game.analytics.disabled","isPackage":false,"count":1},{"entitlementId":"com.unity.editor.time-limited-license","isPackage":false,"count":1}]}],"responseCode":200,"responseStatus":"Found 1 entitlement groups and 0 free entitlements matching requested entitlement ids","messageType":"EntitlementDetailsResponse","authorizationCheck":"Yq4yOVhYQVPc3/vkoo+iHiJL/U/+"} at 1788863640
[Licensing::Client] Attempt to check time stamp (startTime: 1788863640, endTime: 1788863640)
[Licensing::Client] Successfully resolved entitlement details
[Licensing::Client] Successfully send message: {"AuthorizationCheck":"Yq4yOVhYQVPc3w==","messageType":"EntitlementDetailsRequest","entitlementIds":["com.unity.editor.allow-mix-usage","com.unity.editor.headless"],"packageEntitlementIds":[],"includeCustomData":false} at 1788863640
[Licensing::Client] Successfully receive message: {"entitlementGroups":[{"entitlementGroupId":"F4-AGDB-QRN4-X3UU-7KXH-P4RQ","entitlementGroupIdHash":"33d25efdcaaa32aa544bad3a9533f164d8bf246e","productName":"Unity Personal","productType":"TuanjieEditor","licenseType":"ULF","expiration":1789126439000,"matchedEntitlements":[{"entitlementId":"com.unity.editor.headless","isPackage":false,"count":1}]}],"responseCode":200,"responseStatus":"Found 1 entitlement groups and 0 free entitlements matching requested entitlement ids","messageType":"EntitlementDetailsResponse","authorizationCheck":"Yq4yOVhYQVPc3/vkoo+iHiJL/U/+"} at 1788863640
[Licensing::Client] Attempt to check time stamp (startTime: 1788863640, endTime: 1788863640)
[Licensing::Client] Successfully resolved entitlement details
[Package Manager] Restoring resolved packages state from cache
[Licensing::Client] Successfully send message: {"AuthorizationCheck":"Yq4yOVhYQVPc3w==","messageType":"EntitlementDetailsRequest","entitlementIds":[],"packageEntitlementIds":["com.unity.collab-proxy","com.unity.feature.development","com.unity.textmeshpro","com.unity.timeline","com.unity.ugui","com.unity.visualscripting","com.unity.modules.ai","com.unity.modules.androidjni","com.unity.modules.animation","com.unity.modules.assetbundle","com.unity.modules.audio","com.unity.modules.cloth","com.unity.modules.director","com.unity.modules.imageconversion","com.unity.modules.imgui","com.unity.modules.infinity","com.unity.modules.jsonserialize","com.unity.modules.particlesystem","com.unity.modules.physics","com.unity.modules.physics2d","com.unity.modules.screencapture","com.unity.modules.terrain","com.unity.modules.terrainphysics","com.unity.modules.tilemap","com.unity.modules.ui","com.unity.modules.uielements","com.unity.modules.unityanalytics","com.unity.modules.unitywebrequest","com.unity.modules.unitywebrequestassetbundle","com.unity.modules.unitywebrequestaudio","com.unity.modules.unitywebrequesttexture","com.unity.modules.unitywebrequestwww","com.unity.modules.vehicles","com.unity.modules.video","com.unity.modules.vr","com.unity.modules.wind","com.unity.modules.xr","com.unity.modules.subsystems","com.unity.ide.visualstudio","com.unity.ide.rider","com.unity.ide.vscode","com.unity.editorcoroutines","com.unity.performance.profile-analyzer","com.unity.test-framework","com.unity.testtools.codecoverage","com.unity.settings-manager","com.unity.ext.nunit"],"includeCustomData":false} at 1788863640
[Licensing::Client] Successfully receive message: {"freeEntitlementIds":["com.unity.collab-proxy","com.unity.feature.development","com.unity.textmeshpro","com.unity.timeline","com.unity.ugui","com.unity.visualscripting","com.unity.modules.ai","com.unity.modules.androidjni","com.unity.modules.animation","com.unity.modules.assetbundle","com.unity.modules.audio","com.unity.modules.cloth","com.unity.modules.director","com.unity.modules.imageconversion","com.unity.modules.imgui","com.unity.modules.infinity","com.unity.modules.jsonserialize","com.unity.modules.particlesystem","com.unity.modules.physics","com.unity.modules.physics2d","com.unity.modules.screencapture","com.unity.modules.terrain","com.unity.modules.terrainphysics","com.unity.modules.tilemap","com.unity.modules.ui","com.unity.modules.uielements","com.unity.modules.unityanalytics","com.unity.modules.unitywebrequest","com.unity.modules.unitywebrequestassetbundle","com.unity.modules.unitywebrequestaudio","com.unity.modules.unitywebrequesttexture","com.unity.modules.unitywebrequestwww","com.unity.modules.vehicles","com.unity.modules.video","com.unity.modules.vr","com.unity.modules.wind","com.unity.modules.xr","com.unity.modules.subsystems","com.unity.ide.visualstudio","com.unity.ide.rider","com.unity.ide.vscode","com.unity.editorcoroutines","com.unity.performance.profile-analyzer","com.unity.test-framework","com.unity.testtools.codecoverage","com.unity.settings-manager","com.unity.ext.nunit"],"responseCode":200,"responseStatus":"Found 0 entitlement groups and 47 free entitlements matching requested entitlement ids","messageType":"EntitlementDetailsResponse","authorizationCheck":"Yq4yOVhYQVPc3/vkoo+iHiJL/U/+"} at 1788863640
[Licensing::Client] Attempt to check time stamp (startTime: 1788863640, endTime: 1788863640)
[Licensing::Client] Successfully resolved entitlement details
[Package Manager] Registered 47 packages:
  Packages from [https://packages.tuanjie.cn]:
    com.unity.collab-proxy@2.12.4 (location: D:\NewOne\Client\Library\PackageCache\com.unity.collab-proxy@2.12.4)
    com.unity.textmeshpro@3.0.9 (location: D:\NewOne\Client\Library\PackageCache\com.unity.textmeshpro@3.0.9)
    com.unity.timeline@1.8.9-t1 (location: D:\NewOne\Client\Library\PackageCache\com.unity.timeline@1.8.9-t1)
    com.unity.visualscripting@1.9.4 (location: D:\NewOne\Client\Library\PackageCache\com.unity.visualscripting@1.9.4)
    com.unity.ide.visualstudio@2.0.22 (location: D:\NewOne\Client\Library\PackageCache\com.unity.ide.visualstudio@2.0.22)
    com.unity.ide.rider@3.0.36 (location: D:\NewOne\Client\Library\PackageCache\com.unity.ide.rider@3.0.36)
    com.unity.ide.vscode@1.2.5 (location: D:\NewOne\Client\Library\PackageCache\com.unity.ide.vscode@1.2.5)
    com.unity.editorcoroutines@1.0.0 (location: D:\NewOne\Client\Library\PackageCache\com.unity.editorcoroutines@1.0.0)
    com.unity.performance.profile-analyzer@1.2.3 (location: D:\NewOne\Client\Library\PackageCache\com.unity.performance.profile-analyzer@1.2.3)
    com.unity.test-framework@1.1.33 (location: D:\NewOne\Client\Library\PackageCache\com.unity.test-framework@1.1.33)
    com.unity.testtools.codecoverage@1.2.6 (location: D:\NewOne\Client\Library\PackageCache\com.unity.testtools.codecoverage@1.2.6)
    com.unity.settings-manager@2.1.0 (location: D:\NewOne\Client\Library\PackageCache\com.unity.settings-manager@2.1.0)
    com.unity.ext.nunit@1.0.6 (location: D:\NewOne\Client\Library\PackageCache\com.unity.ext.nunit@1.0.6)
  Built-in packages:
    com.unity.feature.development@1.0.1 (location: D:\NewOne\Client\Library\PackageCache\com.unity.feature.development@1.0.1)
    com.unity.ugui@1.0.0 (location: D:\NewOne\Client\Library\PackageCache\com.unity.ugui@1.0.0)
    com.unity.modules.ai@1.0.0 (location: D:\NewOne\Client\Library\PackageCache\com.unity.modules.ai@1.0.0)
    com.unity.modules.androidjni@1.0.0 (location: D:\NewOne\Client\Library\PackageCache\com.unity.modules.androidjni@1.0.0)
    com.unity.modules.animation@1.0.0 (location: D:\NewOne\Client\Library\PackageCache\com.unity.modules.animation@1.0.0)
    com.unity.modules.assetbundle@1.0.0 (location: D:\NewOne\Client\Library\PackageCache\com.unity.modules.assetbundle@1.0.0)
    com.unity.modules.audio@1.0.0 (location: D:\NewOne\Client\Library\PackageCache\com.unity.modules.audio@1.0.0)
    com.unity.modules.cloth@1.0.0 (location: D:\NewOne\Client\Library\PackageCache\com.unity.modules.cloth@1.0.0)
    com.unity.modules.director@1.0.0 (location: D:\NewOne\Client\Library\PackageCache\com.unity.modules.director@1.0.0)
    com.unity.modules.imageconversion@1.0.0 (location: D:\NewOne\Client\Library\PackageCache\com.unity.modules.imageconversion@1.0.0)
    com.unity.modules.imgui@1.0.0 (location: D:\NewOne\Client\Library\PackageCache\com.unity.modules.imgui@1.0.0)
    com.unity.modules.infinity@1.0.0 (location: D:\NewOne\Client\Library\PackageCache\com.unity.modules.infinity@1.0.0)
    com.unity.modules.jsonserialize@1.0.0 (location: D:\NewOne\Client\Library\PackageCache\com.unity.modules.jsonserialize@1.0.0)
    com.unity.modules.particlesystem@1.0.0 (location: D:\NewOne\Client\Library\PackageCache\com.unity.modules.particlesystem@1.0.0)
    com.unity.modules.physics@1.0.0 (location: D:\NewOne\Client\Library\PackageCache\com.unity.modules.physics@1.0.0)
    com.unity.modules.physics2d@1.0.0 (location: D:\NewOne\Client\Library\PackageCache\com.unity.modules.physics2d@1.0.0)
    com.unity.modules.screencapture@1.0.0 (location: D:\NewOne\Client\Library\PackageCache\com.unity.modules.screencapture@1.0.0)
    com.unity.modules.terrain@1.0.0 (location: D:\NewOne\Client\Library\PackageCache\com.unity.modules.terrain@1.0.0)
    com.unity.modules.terrainphysics@1.0.0 (location: D:\NewOne\Client\Library\PackageCache\com.unity.modules.terrainphysics@1.0.0)
    com.unity.modules.tilemap@1.0.0 (location: D:\NewOne\Client\Library\PackageCache\com.unity.modules.tilemap@1.0.0)
    com.unity.modules.ui@1.0.0 (location: D:\NewOne\Client\Library\PackageCache\com.unity.modules.ui@1.0.0)
    com.unity.modules.uielements@1.0.0 (location: D:\NewOne\Client\Library\PackageCache\com.unity.modules.uielements@1.0.0)
    com.unity.modules.unityanalytics@1.0.0 (location: D:\NewOne\Client\Library\PackageCache\com.unity.modules.unityanalytics@1.0.0)
    com.unity.modules.unitywebrequest@1.0.0 (location: D:\NewOne\Client\Library\PackageCache\com.unity.modules.unitywebrequest@1.0.0)
    com.unity.modules.unitywebrequestassetbundle@1.0.0 (location: D:\NewOne\Client\Library\PackageCache\com.unity.modules.unitywebrequestassetbundle@1.0.0)
    com.unity.modules.unitywebrequestaudio@1.0.0 (location: D:\NewOne\Client\Library\PackageCache\com.unity.modules.unitywebrequestaudio@1.0.0)
    com.unity.modules.unitywebrequesttexture@1.0.0 (location: D:\NewOne\Client\Library\PackageCache\com.unity.modules.unitywebrequesttexture@1.0.0)
    com.unity.modules.unitywebrequestwww@1.0.0 (location: D:\NewOne\Client\Library\PackageCache\com.unity.modules.unitywebrequestwww@1.0.0)
    com.unity.modules.vehicles@1.0.0 (location: D:\NewOne\Client\Library\PackageCache\com.unity.modules.vehicles@1.0.0)
    com.unity.modules.video@1.0.0 (location: D:\NewOne\Client\Library\PackageCache\com.unity.modules.video@1.0.0)
    com.unity.modules.vr@1.0.0 (location: D:\NewOne\Client\Library\PackageCache\com.unity.modules.vr@1.0.0)
    com.unity.modules.wind@1.0.0 (location: D:\NewOne\Client\Library\PackageCache\com.unity.modules.wind@1.0.0)
    com.unity.modules.xr@1.0.0 (location: D:\NewOne\Client\Library\PackageCache\com.unity.modules.xr@1.0.0)
    com.unity.modules.subsystems@1.0.0 (location: D:\NewOne\Client\Library\PackageCache\com.unity.modules.subsystems@1.0.0)
[Subsystems] No new subsystems found in resolved package list.
Package Manager log level set to [2]
[Package Manager] Done registering packages in 0.12 seconds
[Package Manager] Done resolving packages in 1.06 seconds
[Package Manager] Registered 47 packages:
  Packages from [https://packages.tuanjie.cn]:
    com.unity.collab-proxy@2.12.4 (location: D:\NewOne\Client\Library\PackageCache\com.unity.collab-proxy@2.12.4)
    com.unity.textmeshpro@3.0.9 (location: D:\NewOne\Client\Library\PackageCache\com.unity.textmeshpro@3.0.9)
    com.unity.timeline@1.8.9-t1 (location: D:\NewOne\Client\Library\PackageCache\com.unity.timeline@1.8.9-t1)
    com.unity.visualscripting@1.9.4 (location: D:\NewOne\Client\Library\PackageCache\com.unity.visualscripting@1.9.4)
    com.unity.ide.visualstudio@2.0.22 (location: D:\NewOne\Client\Library\PackageCache\com.unity.ide.visualstudio@2.0.22)
    com.unity.ide.rider@3.0.36 (location: D:\NewOne\Client\Library\PackageCache\com.unity.ide.rider@3.0.36)
    com.unity.ide.vscode@1.2.5 (location: D:\NewOne\Client\Library\PackageCache\com.unity.ide.vscode@1.2.5)
    com.unity.editorcoroutines@1.0.0 (location: D:\NewOne\Client\Library\PackageCache\com.unity.editorcoroutines@1.0.0)
    com.unity.performance.profile-analyzer@1.2.3 (location: D:\NewOne\Client\Library\PackageCache\com.unity.performance.profile-analyzer@1.2.3)
    com.unity.test-framework@1.1.33 (location: D:\NewOne\Client\Library\PackageCache\com.unity.test-framework@1.1.33)
    com.unity.testtools.codecoverage@1.2.6 (location: D:\NewOne\Client\Library\PackageCache\com.unity.testtools.codecoverage@1.2.6)
    com.unity.settings-manager@2.1.0 (location: D:\NewOne\Client\Library\PackageCache\com.unity.settings-manager@2.1.0)
    com.unity.ext.nunit@1.0.6 (location: D:\NewOne\Client\Library\PackageCache\com.unity.ext.nunit@1.0.6)
  Built-in packages:
    com.unity.feature.development@1.0.1 (location: D:\NewOne\Client\Library\PackageCache\com.unity.feature.development@1.0.1)
    com.unity.ugui@1.0.0 (location: D:\NewOne\Client\Library\PackageCache\com.unity.ugui@1.0.0)
    com.unity.modules.ai@1.0.0 (location: D:\NewOne\Client\Library\PackageCache\com.unity.modules.ai@1.0.0)
    com.unity.modules.androidjni@1.0.0 (location: D:\NewOne\Client\Library\PackageCache\com.unity.modules.androidjni@1.0.0)
    com.unity.modules.animation@1.0.0 (location: D:\NewOne\Client\Library\PackageCache\com.unity.modules.animation@1.0.0)
    com.unity.modules.assetbundle@1.0.0 (location: D:\NewOne\Client\Library\PackageCache\com.unity.modules.assetbundle@1.0.0)
    com.unity.modules.audio@1.0.0 (location: D:\NewOne\Client\Library\PackageCache\com.unity.modules.audio@1.0.0)
    com.unity.modules.cloth@1.0.0 (location: D:\NewOne\Client\Library\PackageCache\com.unity.modules.cloth@1.0.0)
    com.unity.modules.director@1.0.0 (location: D:\NewOne\Client\Library\PackageCache\com.unity.modules.director@1.0.0)
    com.unity.modules.imageconversion@1.0.0 (location: D:\NewOne\Client\Library\PackageCache\com.unity.modules.imageconversion@1.0.0)
    com.unity.modules.imgui@1.0.0 (location: D:\NewOne\Client\Library\PackageCache\com.unity.modules.imgui@1.0.0)
    com.unity.modules.infinity@1.0.0 (location: D:\NewOne\Client\Library\PackageCache\com.unity.modules.infinity@1.0.0)
    com.unity.modules.jsonserialize@1.0.0 (location: D:\NewOne\Client\Library\PackageCache\com.unity.modules.jsonserialize@1.0.0)
    com.unity.modules.particlesystem@1.0.0 (location: D:\NewOne\Client\Library\PackageCache\com.unity.modules.particlesystem@1.0.0)
    com.unity.modules.physics@1.0.0 (location: D:\NewOne\Client\Library\PackageCache\com.unity.modules.physics@1.0.0)
    com.unity.modules.physics2d@1.0.0 (location: D:\NewOne\Client\Library\PackageCache\com.unity.modules.physics2d@1.0.0)
    com.unity.modules.screencapture@1.0.0 (location: D:\NewOne\Client\Library\PackageCache\com.unity.modules.screencapture@1.0.0)
    com.unity.modules.terrain@1.0.0 (location: D:\NewOne\Client\Library\PackageCache\com.unity.modules.terrain@1.0.0)
    com.unity.modules.terrainphysics@1.0.0 (location: D:\NewOne\Client\Library\PackageCache\com.unity.modules.terrainphysics@1.0.0)
    com.unity.modules.tilemap@1.0.0 (location: D:\NewOne\Client\Library\PackageCache\com.unity.modules.tilemap@1.0.0)
    com.unity.modules.ui@1.0.0 (location: D:\NewOne\Client\Library\PackageCache\com.unity.modules.ui@1.0.0)
    com.unity.modules.uielements@1.0.0 (location: D:\NewOne\Client\Library\PackageCache\com.unity.modules.uielements@1.0.0)
    com.unity.modules.unityanalytics@1.0.0 (location: D:\NewOne\Client\Library\PackageCache\com.unity.modules.unityanalytics@1.0.0)
    com.unity.modules.unitywebrequest@1.0.0 (location: D:\NewOne\Client\Library\PackageCache\com.unity.modules.unitywebrequest@1.0.0)
    com.unity.modules.unitywebrequestassetbundle@1.0.0 (location: D:\NewOne\Client\Library\PackageCache\com.unity.modules.unitywebrequestassetbundle@1.0.0)
    com.unity.modules.unitywebrequestaudio@1.0.0 (location: D:\NewOne\Client\Library\PackageCache\com.unity.modules.unitywebrequestaudio@1.0.0)
    com.unity.modules.unitywebrequesttexture@1.0.0 (location: D:\NewOne\Client\Library\PackageCache\com.unity.modules.unitywebrequesttexture@1.0.0)
    com.unity.modules.unitywebrequestwww@1.0.0 (location: D:\NewOne\Client\Library\PackageCache\com.unity.modules.unitywebrequestwww@1.0.0)
    com.unity.modules.vehicles@1.0.0 (location: D:\NewOne\Client\Library\PackageCache\com.unity.modules.vehicles@1.0.0)
    com.unity.modules.video@1.0.0 (location: D:\NewOne\Client\Library\PackageCache\com.unity.modules.video@1.0.0)
    com.unity.modules.vr@1.0.0 (location: D:\NewOne\Client\Library\PackageCache\com.unity.modules.vr@1.0.0)
    com.unity.modules.wind@1.0.0 (location: D:\NewOne\Client\Library\PackageCache\com.unity.modules.wind@1.0.0)
    com.unity.modules.xr@1.0.0 (location: D:\NewOne\Client\Library\PackageCache\com.unity.modules.xr@1.0.0)
    com.unity.modules.subsystems@1.0.0 (location: D:\NewOne\Client\Library\PackageCache\com.unity.modules.subsystems@1.0.0)
[Subsystems] No new subsystems found in resolved package list.
[Package Manager] Done registering packages in 0.00 seconds
Refreshing native plugins compatible for Editor in 15.87 ms, found 4 plugins.
Preloading 0 native plugins for Editor in 0.00 ms.
Initialize engine version: 2022.3.62t14 (1f04f7aba499)
THR RenderingThread disabled!
[Subsystems] Discovering subsystems at path C:/Program Files/Tuanjie/Hub/Editor/2022.3.62t14/Editor/Data/Resources/UnitySubsystems
[Subsystems] Discovering subsystems at path D:/NewOne/Client/Assets
Forcing GfxDevice: Null
GfxDevice: creating device client; threaded=0; jobified=0
CreateRealGfxDevice: 4NullGfxDevice:
    Version:  NULL 1.0 [1.0]
    Renderer: Null Device
    Vendor:   Unity Technologies
[Licensing::Client] Successfully send message: {"AuthorizationCheck":"Yq4yOVhYQVPc3g==","messageType":"EntitlementDetailsRequest","entitlementIds":["com.unity.editor.cluster","com.unity.editor.headless"],"packageEntitlementIds":[],"includeCustomData":false} at 1788863641
[Licensing::Client] Successfully receive message: {"entitlementGroups":[{"entitlementGroupId":"F4-AGDB-QRN4-X3UU-7KXH-P4RQ","entitlementGroupIdHash":"33d25efdcaaa32aa544bad3a9533f164d8bf246e","productName":"Unity Personal","productType":"TuanjieEditor","licenseType":"ULF","expiration":1789126439000,"matchedEntitlements":[{"entitlementId":"com.unity.editor.headless","isPackage":false,"count":1}]}],"responseCode":200,"responseStatus":"Found 1 entitlement groups and 0 free entitlements matching requested entitlement ids","messageType":"EntitlementDetailsResponse","authorizationCheck":"Yq4yOVhYQVPc3vvkoo+iHvhLxYpp"} at 1788863641
[Licensing::Client] Attempt to check time stamp (startTime: 1788863641, endTime: 1788863641)
[Licensing::Client] Successfully resolved entitlement details
Initialize mono
Mono path[0] = 'C:/Program Files/Tuanjie/Hub/Editor/2022.3.62t14/Editor/Data/Managed'
Mono path[1] = 'C:/Program Files/Tuanjie/Hub/Editor/2022.3.62t14/Editor/Data/MonoBleedingEdge/lib/mono/unityjit-win32'
Mono config path = 'C:/Program Files/Tuanjie/Hub/Editor/2022.3.62t14/Editor/Data/MonoBleedingEdge/etc'
Using monoOptions --debugger-agent=transport=dt_socket,embedding=1,server=y,suspend=n,address=0.0.0.0:56228
Using cacheserver namespaces - metadata:defaultmetadata, artifacts:defaultartifacts
Using cacheserver namespaces - metadata:defaultmetadata, artifacts:defaultartifacts
ImportWorker Server TCP listen port: 0
Begin MonoManager ReloadAssembly
Registering precompiled tuanjie dll's ...
Register platform support module: C:/Program Files/Tuanjie/Hub/Editor/2022.3.62t14/Editor/Data/PlaybackEngines/MacStandaloneSupport/UnityEditor.OSXStandalone.Extensions.dll
Register platform support module: C:/Program Files/Tuanjie/Hub/Editor/2022.3.62t14/Editor/Data/PlaybackEngines/AndroidPlayer/UnityEditor.Android.Extensions.dll
Register platform support module: C:/Program Files/Tuanjie/Hub/Editor/2022.3.62t14/Editor/Data/PlaybackEngines/iOSSupport/UnityEditor.iOS.Extensions.dll
Register platform support module: C:/Program Files/Tuanjie/Hub/Editor/2022.3.62t14/Editor/Data/PlaybackEngines/WindowsStandaloneSupport/UnityEditor.WindowsStandalone.Extensions.dll
[Licensing::Client] Successfully send message: {"AuthorizationCheck":"Yq4yOVhYQVPc3g==","messageType":"EntitlementDetailsRequest","entitlementIds":["com.unity.editor.platforms.openharmony","com.unity.editor.headless"],"packageEntitlementIds":[],"includeCustomData":false} at 1788863641
[Licensing::Client] Successfully receive message: {"entitlementGroups":[{"entitlementGroupId":"F4-AGDB-QRN4-X3UU-7KXH-P4RQ","entitlementGroupIdHash":"33d25efdcaaa32aa544bad3a9533f164d8bf246e","productName":"Unity Personal","productType":"TuanjieEditor","licenseType":"ULF","expiration":1789126439000,"matchedEntitlements":[{"entitlementId":"com.unity.editor.platforms.openharmony","isPackage":false,"count":1},{"entitlementId":"com.unity.editor.headless","isPackage":false,"count":1}]}],"responseCode":200,"responseStatus":"Found 1 entitlement groups and 0 free entitlements matching requested entitlement ids","messageType":"EntitlementDetailsResponse","authorizationCheck":"Yq4yOVhYQVPc3vvkoo+iHvhLxYpp"} at 1788863641
[Licensing::Client] Attempt to check time stamp (startTime: 1788863641, endTime: 1788863641)
[Licensing::Client] Successfully resolved entitlement details
Register platform support module: C:/Program Files/Tuanjie/Hub/Editor/2022.3.62t14/Editor/Data/PlaybackEngines/OpenHarmonyPlayer/UnityEditor.OpenHarmony.Extensions.dll
Registered in 0.035319 seconds.
- Loaded All Assemblies, in  0.299 seconds
Native extension for OpenHarmony target not found
Native extension for WindowsStandalone target not found
[usbmuxd] Start listen thread
[usbmuxd] Listen thread started
Native extension for iOS target not found
Native extension for Android target not found
Native extension for OSXStandalone target not found
[Licensing::Client] Successfully send message: {"AuthorizationCheck":"Yq4yOVhYQVPc3Q==","messageType":"EntitlementDetailsRequest","entitlementIds":["com.unity.editor.minigame.subplatform.wechat","com.unity.editor.headless"],"packageEntitlementIds":[],"includeCustomData":false} at 1788863642
[Licensing::Client] Successfully receive message: {"entitlementGroups":[{"entitlementGroupId":"F4-AGDB-QRN4-X3UU-7KXH-P4RQ","entitlementGroupIdHash":"33d25efdcaaa32aa544bad3a9533f164d8bf246e","productName":"Unity Personal","productType":"TuanjieEditor","licenseType":"ULF","expiration":1789126439000,"matchedEntitlements":[{"entitlementId":"com.unity.editor.headless","isPackage":false,"count":1},{"entitlementId":"com.unity.editor.minigame.subplatform.wechat","isPackage":false,"count":1}]}],"responseCode":200,"responseStatus":"Found 1 entitlement groups and 0 free entitlements matching requested entitlement ids","messageType":"EntitlementDetailsResponse","authorizationCheck":"Yq4yOVhYQVPc3fvkoo+iHlLO31wS"} at 1788863642
[Licensing::Client] Attempt to check time stamp (startTime: 1788863642, endTime: 1788863642)
[Licensing::Client] Successfully resolved entitlement details
[Licensing::Client] Successfully send message: {"AuthorizationCheck":"Yq4yOVhYQVPc3Q==","messageType":"EntitlementDetailsRequest","entitlementIds":["com.unity.editor.minigame.subplatform.douyin","com.unity.editor.headless"],"packageEntitlementIds":[],"includeCustomData":false} at 1788863642
[Licensing::Client] Successfully receive message: {"entitlementGroups":[{"entitlementGroupId":"F4-AGDB-QRN4-X3UU-7KXH-P4RQ","entitlementGroupIdHash":"33d25efdcaaa32aa544bad3a9533f164d8bf246e","productName":"Unity Personal","productType":"TuanjieEditor","licenseType":"ULF","expiration":1789126439000,"matchedEntitlements":[{"entitlementId":"com.unity.editor.headless","isPackage":false,"count":1},{"entitlementId":"com.unity.editor.minigame.subplatform.douyin","isPackage":false,"count":1}]}],"responseCode":200,"responseStatus":"Found 1 entitlement groups and 0 free entitlements matching requested entitlement ids","messageType":"EntitlementDetailsResponse","authorizationCheck":"Yq4yOVhYQVPc3fvkoo+iHlLO31wS"} at 1788863642
[Licensing::Client] Attempt to check time stamp (startTime: 1788863642, endTime: 1788863642)
[Licensing::Client] Successfully resolved entitlement details
[Licensing::Client] Successfully send message: {"AuthorizationCheck":"Yq4yOVhYQVPc3Q==","messageType":"EntitlementDetailsRequest","entitlementIds":["com.unity.editor.minigame.subplatform.xiaomi","com.unity.editor.headless"],"packageEntitlementIds":[],"includeCustomData":false} at 1788863642
[Licensing::Client] Successfully receive message: {"entitlementGroups":[{"entitlementGroupId":"F4-AGDB-QRN4-X3UU-7KXH-P4RQ","entitlementGroupIdHash":"33d25efdcaaa32aa544bad3a9533f164d8bf246e","productName":"Unity Personal","productType":"TuanjieEditor","licenseType":"ULF","expiration":1789126439000,"matchedEntitlements":[{"entitlementId":"com.unity.editor.headless","isPackage":false,"count":1},{"entitlementId":"com.unity.editor.minigame.subplatform.xiaomi","isPackage":false,"count":1}]}],"responseCode":200,"responseStatus":"Found 1 entitlement groups and 0 free entitlements matching requested entitlement ids","messageType":"EntitlementDetailsResponse","authorizationCheck":"Yq4yOVhYQVPc3fvkoo+iHlLO31wS"} at 1788863642
[Licensing::Client] Attempt to check time stamp (startTime: 1788863642, endTime: 1788863642)
[Licensing::Client] Successfully resolved entitlement details
[Licensing::Client] Successfully send message: {"AuthorizationCheck":"Yq4yOVhYQVPc3Q==","messageType":"EntitlementDetailsRequest","entitlementIds":["com.unity.editor.minigame.subplatform.kuaishou","com.unity.editor.headless"],"packageEntitlementIds":[],"includeCustomData":false} at 1788863642
[Licensing::Client] Successfully receive message: {"entitlementGroups":[{"entitlementGroupId":"F4-AGDB-QRN4-X3UU-7KXH-P4RQ","entitlementGroupIdHash":"33d25efdcaaa32aa544bad3a9533f164d8bf246e","productName":"Unity Personal","productType":"TuanjieEditor","licenseType":"ULF","expiration":1789126439000,"matchedEntitlements":[{"entitlementId":"com.unity.editor.headless","isPackage":false,"count":1},{"entitlementId":"com.unity.editor.minigame.subplatform.kuaishou","isPackage":false,"count":1}]}],"responseCode":200,"responseStatus":"Found 1 entitlement groups and 0 free entitlements matching requested entitlement ids","messageType":"EntitlementDetailsResponse","authorizationCheck":"Yq4yOVhYQVPc3fvkoo+iHlLO31wS"} at 1788863642
[Licensing::Client] Attempt to check time stamp (startTime: 1788863642, endTime: 1788863642)
[Licensing::Client] Successfully resolved entitlement details
[Licensing::Client] Successfully send message: {"AuthorizationCheck":"Yq4yOVhYQVPc3Q==","messageType":"EntitlementDetailsRequest","entitlementIds":["com.unity.editor.minigame.subplatform.taptap","com.unity.editor.headless"],"packageEntitlementIds":[],"includeCustomData":false} at 1788863642
[Licensing::Client] Successfully receive message: {"entitlementGroups":[{"entitlementGroupId":"F4-AGDB-QRN4-X3UU-7KXH-P4RQ","entitlementGroupIdHash":"33d25efdcaaa32aa544bad3a9533f164d8bf246e","productName":"Unity Personal","productType":"TuanjieEditor","licenseType":"ULF","expiration":1789126439000,"matchedEntitlements":[{"entitlementId":"com.unity.editor.headless","isPackage":false,"count":1},{"entitlementId":"com.unity.editor.minigame.subplatform.taptap","isPackage":false,"count":1}]}],"responseCode":200,"responseStatus":"Found 1 entitlement groups and 0 free entitlements matching requested entitlement ids","messageType":"EntitlementDetailsResponse","authorizationCheck":"Yq4yOVhYQVPc3fvkoo+iHlLO31wS"} at 1788863642
[Licensing::Client] Attempt to check time stamp (startTime: 1788863642, endTime: 1788863642)
[Licensing::Client] Successfully resolved entitlement details
[Licensing::Client] Successfully send message: {"AuthorizationCheck":"Yq4yOVhYQVPc3Q==","messageType":"EntitlementDetailsRequest","entitlementIds":["com.unity.editor.minigame.subplatform.metaapp233","com.unity.editor.headless"],"packageEntitlementIds":[],"includeCustomData":false} at 1788863642
[Licensing::Client] Successfully receive message: {"entitlementGroups":[{"entitlementGroupId":"F4-AGDB-QRN4-X3UU-7KXH-P4RQ","entitlementGroupIdHash":"33d25efdcaaa32aa544bad3a9533f164d8bf246e","productName":"Unity Personal","productType":"TuanjieEditor","licenseType":"ULF","expiration":1789126439000,"matchedEntitlements":[{"entitlementId":"com.unity.editor.headless","isPackage":false,"count":1},{"entitlementId":"com.unity.editor.minigame.subplatform.metaapp233","isPackage":false,"count":1}]}],"responseCode":200,"responseStatus":"Found 1 entitlement groups and 0 free entitlements matching requested entitlement ids","messageType":"EntitlementDetailsResponse","authorizationCheck":"Yq4yOVhYQVPc3fvkoo+iHlLO31wS"} at 1788863642
[Licensing::Client] Attempt to check time stamp (startTime: 1788863642, endTime: 1788863642)
[Licensing::Client] Successfully resolved entitlement details
[Licensing::Client] Successfully send message: {"AuthorizationCheck":"Yq4yOVhYQVPc3Q==","messageType":"EntitlementDetailsRequest","entitlementIds":["com.unity.editor.minigame.subplatform.minihost","com.unity.editor.headless"],"packageEntitlementIds":[],"includeCustomData":false} at 1788863642
[Licensing::Client] Successfully receive message: {"entitlementGroups":[{"entitlementGroupId":"F4-AGDB-QRN4-X3UU-7KXH-P4RQ","entitlementGroupIdHash":"33d25efdcaaa32aa544bad3a9533f164d8bf246e","productName":"Unity Personal","productType":"TuanjieEditor","licenseType":"ULF","expiration":1789126439000,"matchedEntitlements":[{"entitlementId":"com.unity.editor.headless","isPackage":false,"count":1},{"entitlementId":"com.unity.editor.minigame.subplatform.minihost","isPackage":false,"count":1}]}],"responseCode":200,"responseStatus":"Found 1 entitlement groups and 0 free entitlements matching requested entitlement ids","messageType":"EntitlementDetailsResponse","authorizationCheck":"Yq4yOVhYQVPc3fvkoo+iHlLO31wS"} at 1788863642
[Licensing::Client] Attempt to check time stamp (startTime: 1788863642, endTime: 1788863642)
[Licensing::Client] Successfully resolved entitlement details
Mono: successfully reloaded assembly
- Finished resetting the current domain, in  0.363 seconds
Domain Reload Profiling: 659ms
	BeginReloadAssembly (84ms)
		ExecutionOrderSort (0ms)
		DisableScriptedObjects (0ms)
		BackupInstance (0ms)
		ReleaseScriptingObjects (0ms)
		CreateAndSetChildDomain (1ms)
	RebuildCommonClasses (25ms)
	RebuildNativeTypeToScriptingClass (8ms)
	initialDomainReloadingComplete (74ms)
	LoadAllAssembliesAndSetupDomain (104ms)
		LoadAssemblies (82ms)
		RebuildTransferFunctionScriptingTraits (0ms)
		AnalyzeDomain (100ms)
			TypeCache.Refresh (99ms)
				TypeCache.ScanAssembly (90ms)
			ScanForSourceGeneratedMonoScriptInfo (0ms)
			ResolveRequiredComponents (0ms)
	FinalizeReload (364ms)
		ReleaseScriptCaches (0ms)
		RebuildScriptCaches (0ms)
		SetupLoadedEditorAssemblies (330ms)
			LogAssemblyErrors (0ms)
			InitializePlatformSupportModulesInManaged (66ms)
			SetLoadedEditorAssemblies (3ms)
			RefreshPlugins (0ms)
			BeforeProcessingInitializeOnLoad (2ms)
			ProcessInitializeOnLoadAttributes (244ms)
			ProcessInitializeOnLoadMethodAttributes (14ms)
			AfterProcessingInitializeOnLoad (0ms)
			EditorAssembliesLoaded (0ms)
		ExecutionOrderSort2 (0ms)
		AwakeInstancesAfterBackupRestoration (0ms)
Application.AssetDatabase Initial Refresh Start
[ScriptCompilation] Requested script compilation because: Assetdatabase observed changes in script compilation related files
info: Microsoft.Hosting.Lifetime[14]
      Now listening on: http://localhost:80
info: Microsoft.Hosting.Lifetime[0]
      Application started. Press Ctrl+C to shut down.
info: Microsoft.Hosting.Lifetime[0]
      Hosting environment: Production
info: Microsoft.Hosting.Lifetime[0]
      Content root path: D:\NewOne\Client\
info: Microsoft.AspNetCore.Hosting.Diagnostics[1]
      Request starting HTTP/2 POST http://ilpp/UnityILPP.PostProcessing/Ping application/grpc -
info: Microsoft.AspNetCore.Routing.EndpointMiddleware[0]
      Executing endpoint 'gRPC - /UnityILPP.PostProcessing/Ping'
info: Microsoft.AspNetCore.Routing.EndpointMiddleware[1]
      Executed endpoint 'gRPC - /UnityILPP.PostProcessing/Ping'
info: Microsoft.AspNetCore.Hosting.Diagnostics[2]
      Request finished HTTP/2 POST http://ilpp/UnityILPP.PostProcessing/Ping application/grpc - - 200 - application/grpc 31.8250ms
Starting: C:\Program Files\Tuanjie\Hub\Editor\2022.3.62t14\Editor\Data\bee_backend.exe --dont-print-to-structured-log --ipc --defer-dag-verification --dagfile="Library/Bee/1900b0aE.dag" --continue-on-failure --profile="Library/Bee/backend1.traceevents" ScriptAssemblies
WorkingDir: D:/NewOne/Client
DisplayProgressbar: Compiling Scripts
ExitCode: 0 Duration: 1s169ms
[370/379    0s] Csc Library/Bee/artifacts/1900b0aE.dag/RuneDice.Game.dll (+2 others)
[374/379    0s] CopyFiles Library/ScriptAssemblies/RuneDice.Game.pdb
[375/379    0s] CopyFiles Library/ScriptAssemblies/RuneDice.Game.dll
[376/379    0s] Csc Library/Bee/artifacts/1900b0aE.dag/RuneDice.Tests.PlayMode.dll (+2 others)
[377/379    0s] CopyFiles Library/ScriptAssemblies/RuneDice.Tests.PlayMode.pdb
[378/379    0s] CopyFiles Library/ScriptAssemblies/RuneDice.Tests.PlayMode.dll
*** Tundra build success (1.13 seconds), 6 items updated, 379 evaluated
AssetDatabase: script compilation time: 1.623815s
Begin MonoManager ReloadAssembly
Total cache size 37457012
Total cache size after purge 37457012
- Loaded All Assemblies, in  0.521 seconds
Refreshing native plugins compatible for Editor in 18.01 ms, found 4 plugins.
Preloading 0 native plugins for Editor in 0.00 ms.
Start importing Assets/Game/Tests/PlayMode/Stage1SmokeTests.cs using Guid(2c38cb1a6897e4a499518bc5eeea6fd9) Importer(Primary)  -> (artifact id: '0b3ec20be9cdd172be78cb90617f134c') in 0.010978 seconds
Start importing Assets/Game/Scripts/Input/DragLauncher.cs using Guid(9c177f04edbde744fb09160bb5f910f5) Importer(Primary)  -> (artifact id: '7394cc5a09a4c05415f596bcb40db9eb') in 0.002048 seconds
Refreshing native plugins compatible for Editor in 7.87 ms, found 4 plugins.
Native extension for OpenHarmony target not found
Native extension for WindowsStandalone target not found
Native extension for iOS target not found
Native extension for Android target not found
Native extension for OSXStandalone target not found
Mono: successfully reloaded assembly
- Finished resetting the current domain, in  0.409 seconds
Domain Reload Profiling: 924ms
	BeginReloadAssembly (104ms)
		ExecutionOrderSort (0ms)
		DisableScriptedObjects (3ms)
		BackupInstance (0ms)
		ReleaseScriptingObjects (0ms)
		CreateAndSetChildDomain (17ms)
	RebuildCommonClasses (24ms)
	RebuildNativeTypeToScriptingClass (8ms)
	initialDomainReloadingComplete (33ms)
	LoadAllAssembliesAndSetupDomain (347ms)
		LoadAssemblies (271ms)
		RebuildTransferFunctionScriptingTraits (0ms)
		AnalyzeDomain (135ms)
			TypeCache.Refresh (117ms)
				TypeCache.ScanAssembly (106ms)
			ScanForSourceGeneratedMonoScriptInfo (13ms)
			ResolveRequiredComponents (3ms)
	FinalizeReload (409ms)
		ReleaseScriptCaches (0ms)
		RebuildScriptCaches (0ms)
		SetupLoadedEditorAssemblies (321ms)
			LogAssemblyErrors (0ms)
			InitializePlatformSupportModulesInManaged (36ms)
			SetLoadedEditorAssemblies (3ms)
			RefreshPlugins (0ms)
			BeforeProcessingInitializeOnLoad (43ms)
			ProcessInitializeOnLoadAttributes (218ms)
			ProcessInitializeOnLoadMethodAttributes (15ms)
			AfterProcessingInitializeOnLoad (8ms)
			EditorAssembliesLoaded (0ms)
		ExecutionOrderSort2 (0ms)
		AwakeInstancesAfterBackupRestoration (5ms)
Refreshing native plugins compatible for Editor in 5.89 ms, found 4 plugins.
Preloading 0 native plugins for Editor in 0.00 ms.
Asset Pipeline Refresh (id=f9a854a3f9fdc3a429c87c5e817e67e4): Total: 4.047 seconds - Initiated by InitialRefreshV2(ForceSynchronousImport)
	Summary:
		Imports: total=2 (actual=2, local cache=0, cache server=0)
		Asset DB Process Time: managed=2 ms, native=1352 ms
		Asset DB Callback time: managed=34 ms, native=13 ms
		Scripting: domain reloads=1, domain reload time=994 ms, compile time=1626 ms, other=24 ms
		Project Asset Count: scripts=4263, non-scripts=706
		Asset File Changes: new=0, changed=2, moved=0, deleted=1
		Scan Filter Count: 0
		OnDemandAssets Count:0
	InvokeBeforeRefreshCallbacks: 1.086ms
	ApplyChangesToAssetFolders: 0.039ms
	Scan: 185.765ms
	OnSourceAssetsModified: 1.873ms
	UnregisterDeletedAssets: 0.003ms
	GetAllGuidsForCategorization: 0.411ms
	CategorizeAssets: 40.952ms
	ImportOutOfDateAssets: 466.477ms (-1191.428ms without children)
		ImportManagerImport: 17.503ms (3.948ms without children)
			ImportInProcess: 13.529ms
			UpdateCategorizedAssets: 0.026ms
		CompileScripts: 1625.677ms
		ReloadNativeAssets: 0.001ms
		UnloadImportedAssets: 11.980ms
		ReloadImportedAssets: 0.553ms
		EnsureUptoDateAssetsAreRegisteredWithGuidPM: 1.224ms
		InitializingProgressBar: 0.001ms
		PostProcessAllAssetNotificationsAddChangedAssets: 0.001ms
		OnDemandSchedulerStart: 0.966ms
	PostProcessAllAssets: 38.304ms
	Hotreload: 6.923ms
	GatherAllCurrentPrimaryArtifactRevisions: 0.000ms
	UnloadStreamsBegin: 0.192ms
	PersistCurrentRevisions: 0.204ms
	UnloadStreamsEnd: 0.039ms
	GenerateScriptTypeHashes: 0.399ms
	Untracked: 3305.002ms
Application.AssetDatabase Initial Refresh End
Scanning for USB devices : 6.776ms
Initializing Tuanjie extensions:
Start importing Library/Resources using Guid(5605fcc497d784541850cdc0e325e315) Importer(Primary)  -> (artifact id: 'b85abe55bba2c8c0713f720d25510a8e') in 0.000722 seconds
Refreshing native plugins compatible for Editor in 11.18 ms, found 4 plugins.
Preloading 0 native plugins for Editor in 0.00 ms.
Asset Pipeline Refresh (id=a634d0e965c5d3a4cb7bf81646106b69): Total: 0.041 seconds - Initiated by StopAssetImportingV2(NoUpdateAssetOptions)
[Licensing::Client] Successfully send message: {"AuthorizationCheck":"Eneo7TBXnF/8yQ==","messageType":"ProductNameRequest","Value":"com.RuneDice.Rune-Dice"} at 1788863646
[Licensing::Client] Successfully receive message: {"responseCode":200,"messageType":"ProductNameResponse"} at 1788863646
[Licensing::Client] Error: ProductNameResponse could not be deserialized
[MODES] ModeService[none].Initialize
[MODES] ModeService[none].LoadModes
[MODES] Loading mode Default (0) for mode-current-id-Rune Dice
Unloading 3 Unused Serialized files (Serialized files now loaded: 0)
Unloading 61 unused Assets / (0.5 MB). Loaded Objects now: 4083.
Memory consumption went from 112.8 MB to 112.3 MB.
Total: 2.776700 ms (FindLiveObjects: 0.161800 ms CreateObjectMapping: 0.063000 ms MarkObjects: 2.262900 ms  DeleteObjects: 0.286800 ms)

Batchmode quit successfully invoked - shutting down!
Input System module state changed to: ShutdownInProgress.
Input System polling thread exited.
Input System module state changed to: Shutdown.
[Licensing::IpcConnector] License Notification channel disconnected successfully.
[Licensing::IpcConnector] License Client channel disconnected successfully.
Shutting down server...
Cleanup mono
plugin_module success
g_query_callback success 
g_get_assembly_csharp load success 
abort_threads: Failed aborting id: 0000000000011FA4, mono_thread_manage will ignore it

abort_threads: Failed aborting id: 000000000000BF04, mono_thread_manage will ignore it

abort_threads: Failed aborting id: 0000000000011FA4, mono_thread_manage will ignore it

abort_threads: Failed aborting id: 000000000000BF04, mono_thread_manage will ignore it

debugger-agent: Unable to listen on 6524
[usbmuxd] Stop listen thread
[usbmuxd] Listen thread exiting
[Performance] WinEditorMain                                                                                                   :        1 samples, Peak.  2.28 s (1.0x), Avg.  2.28 s, Total. 2.281 s (21.2%)
[Performance] WinEditorMain.ConfigureCrashHandler                                                                             :        1 samples, Peak.  21.8 us (1.0x), Avg.  21.8 us, Total. 21.80 us (0.0%)
[Performance] WinEditorMain.CurlRequestInitialize                                                                             :        1 samples, Peak.   410 us (1.0x), Avg.   410 us, Total. 410.2 us (0.0%)
[Performance] WinEditorMain.SetupLogFile                                                                                      :        1 samples, Peak.   605 us (1.0x), Avg.   605 us, Total. 605.1 us (0.0%)
[Performance] WinEditorMain.RunNativeTestsIfRequiredAndExit                                                                   :        1 samples, Peak.   200 ns (1.0x), Avg.   200 ns, Total. 200.0 ns (0.0%)
[Performance] WinEditorMain.Licensing                                                                                         :        1 samples, Peak.  2.23 s (1.0x), Avg.  2.23 s, Total. 2.228 s (20.7%)
[Performance] WinEditorMain.InitializeCrashHandler                                                                            :        1 samples, Peak.  47.6 ms (1.0x), Avg.  47.6 ms, Total. 47.57 ms (0.4%)
[Performance] WinEditorMain.CreateApplication                                                                                 :        1 samples, Peak.   170 us (1.0x), Avg.   170 us, Total. 169.9 us (0.0%)
[Performance] Application.InitializeProject                                                                                   :        1 samples, Peak.  6.89 s (1.0x), Avg.  6.89 s, Total. 6.894 s (64.1%)
[Performance] Application.PackageManager.StartServer                                                                          :        1 samples, Peak.  22.8 ms (1.0x), Avg.  22.8 ms, Total. 22.82 ms (0.2%)
[Performance] Application.AcquireProjectLock                                                                                  :        1 samples, Peak.  14.1 ms (1.0x), Avg.  14.1 ms, Total. 14.09 ms (0.1%)
[Performance] Application.InitializeEngineNoGraphics                                                                          :        1 samples, Peak.  71.0 ms (1.0x), Avg.  71.0 ms, Total. 71.03 ms (0.7%)
[Performance] Application.PackageManager.Initialize                                                                           :        1 samples, Peak.   350 ms (1.0x), Avg.   350 ms, Total. 350.1 ms (3.3%)
[Performance] Connecting to Package Manager                                                                                   :       36 samples, Peak.  54.7 us (14.7x), Avg.  3.72 us, Total. 134.0 us (0.0%)
[Performance] PackageManager::Api::RunRequestSynchronously                                                                    :       18 samples, Peak.  13.4 us (3.3x), Avg.  4.07 us, Total. 73.20 us (0.0%)
[Performance] Application.EngineGraphics.Initialize                                                                           :        1 samples, Peak.  25.6 ms (1.0x), Avg.  25.6 ms, Total. 25.56 ms (0.2%)
[Performance] Application.GI.Initialize                                                                                       :        1 samples, Peak.  3.21 ms (1.0x), Avg.  3.21 ms, Total. 3.214 ms (0.0%)
[Performance] Application.LoadAllDefaultResourcesFromEditor                                                                   :        1 samples, Peak.  1.78 ms (1.0x), Avg.  1.78 ms, Total. 1.779 ms (0.0%)
[Performance] Application.LoadMonoAssemblies                                                                                  :        1 samples, Peak.   678 ms (1.0x), Avg.   678 ms, Total. 678.1 ms (6.3%)
[Performance] RestoreManagedReferences                                                                                        :        2 samples, Peak.  31.3 ms (2.0x), Avg.  15.6 ms, Total. 31.27 ms (0.3%)
[Performance] InitializeOnLoad ProfilerConnectionPopupWindow                                                                  :        2 samples, Peak.   136 us (1.1x), Avg.   127 us, Total. 253.5 us (0.0%)
[Performance] InitializeOnLoad PlayableAdsHtmlChannelManager                                                                  :        2 samples, Peak.   516 us (1.1x), Avg.   467 us, Total. 934.9 us (0.0%)
[Performance] InitializeOnLoad ManagedDebuggerWindow                                                                          :        2 samples, Peak.   427 us (1.0x), Avg.   420 us, Total. 839.1 us (0.0%)
[Performance] InitializeOnLoad WindowLayout                                                                                   :        2 samples, Peak.   173 us (1.1x), Avg.   159 us, Total. 318.6 us (0.0%)
[Performance] InitializeOnLoad NativeFormatImporterUtility                                                                    :        2 samples, Peak.  1.69 ms (1.2x), Avg.  1.41 ms, Total. 2.825 ms (0.0%)
[Performance] InitializeOnLoad SceneSearch                                                                                    :        2 samples, Peak.  60.1 us (1.2x), Avg.  51.5 us, Total. 103.0 us (0.0%)
[Performance] InitializeOnLoad AddComponentWindow                                                                             :        2 samples, Peak.  75.8 us (1.0x), Avg.  72.5 us, Total. 144.9 us (0.0%)
[Performance] InitializeOnLoad MenuItems                                                                                      :        2 samples, Peak.  57.2 us (1.1x), Avg.  50.4 us, Total. 100.8 us (0.0%)
[Performance] InitializeOnLoad BuildProfileHelperManager                                                                      :        2 samples, Peak.   170 ms (1.9x), Avg.  88.2 ms, Total. 176.3 ms (1.6%)
[Performance] InitializeOnLoad ProjectSearch                                                                                  :        2 samples, Peak.  59.6 us (1.1x), Avg.  53.8 us, Total. 107.6 us (0.0%)
[Performance] InitializeOnLoad TuanjiePathAndNameFix                                                                          :        2 samples, Peak.   126 us (1.1x), Avg.   118 us, Total. 235.2 us (0.0%)
[Performance] InitializeOnLoad PoolManager                                                                                    :        2 samples, Peak.  33.1 us (1.0x), Avg.  33.0 us, Total. 65.90 us (0.0%)
[Performance] InitializeOnLoad EditMode                                                                                       :        2 samples, Peak.   231 us (1.0x), Avg.   224 us, Total. 448.9 us (0.0%)
[Performance] InitializeOnLoad UnityConnect                                                                                   :        2 samples, Peak.   500 ns (1.1x), Avg.   450 ns, Total. 900.0 ns (0.0%)
[Performance] InitializeOnLoad SceneViewCullingDebugSettings                                                                  :        2 samples, Peak.  1.75 ms (1.1x), Avg.  1.60 ms, Total. 3.206 ms (0.0%)
[Performance] InitializeOnLoad PlayModeDownload                                                                               :        2 samples, Peak.   321 us (1.7x), Avg.   193 us, Total. 386.1 us (0.0%)
[Performance] InitializeOnLoad ObjectSelectorSearch                                                                           :        2 samples, Peak.  88.3 us (1.5x), Avg.  59.1 us, Total. 118.3 us (0.0%)
[Performance] InitializeOnLoad UISystemProfilerRenderService                                                                  :        2 samples, Peak.  14.0 us (1.5x), Avg.  9.30 us, Total. 18.60 us (0.0%)
[Performance] InitializeOnLoad AssetStoreContext                                                                              :        2 samples, Peak.  16.2 ms (1.5x), Avg.  10.7 ms, Total. 21.38 ms (0.2%)
[Performance] InitializeOnLoad DrivenRectTransformUndo                                                                        :        2 samples, Peak.   163 us (1.0x), Avg.   160 us, Total. 319.3 us (0.0%)
[Performance] InitializeOnLoad PrefabInstanceChangedListener                                                                  :        2 samples, Peak.   317 us (1.6x), Avg.   198 us, Total. 395.5 us (0.0%)
[Performance] InitializeOnLoad ManagedDebugger                                                                                :        2 samples, Peak.   800 ns (1.2x), Avg.   650 ns, Total. 1.300 us (0.0%)
[Performance] InitializeOnLoad CacheServerWindow                                                                              :        2 samples, Peak.  16.7 us (1.5x), Avg.  11.2 us, Total. 22.30 us (0.0%)
[Performance] InitializeOnLoad ShortcutIntegration                                                                            :        2 samples, Peak.  48.5 us (1.1x), Avg.  43.0 us, Total. 86.00 us (0.0%)
[Performance] InitializeOnLoad CloudBuild                                                                                     :        2 samples, Peak.  4.10 us (1.4x), Avg.  2.95 us, Total. 5.900 us (0.0%)
[Performance] InitializeOnLoad MixerEffectDefinitionReloader                                                                  :        2 samples, Peak.  1.37 ms (1.0x), Avg.  1.34 ms, Total. 2.689 ms (0.0%)
[Performance] InitializeOnLoad SettingsService                                                                                :        2 samples, Peak.  13.4 us (1.4x), Avg.  9.70 us, Total. 19.40 us (0.0%)
[Performance] InitializeOnLoad SearchService                                                                                  :        2 samples, Peak.  87.0 us (1.1x), Avg.  77.4 us, Total. 154.9 us (0.0%)
[Performance] InitializeOnLoad EditorMonitor                                                                                  :        2 samples, Peak.   538 us (1.3x), Avg.   416 us, Total. 832.0 us (0.0%)
[Performance] InitializeOnLoad RetainedMode                                                                                   :        2 samples, Peak.  1.39 ms (1.1x), Avg.  1.29 ms, Total. 2.580 ms (0.0%)
[Performance] InitializeOnLoad EditorShaderLoader                                                                             :        2 samples, Peak.   481 us (1.1x), Avg.   447 us, Total. 894.1 us (0.0%)
[Performance] InitializeOnLoad EditorDelegateRegistration                                                                     :        2 samples, Peak.   332 us (1.2x), Avg.   287 us, Total. 573.5 us (0.0%)
[Performance] InitializeOnLoad UIDocumentHierarchyWatcher                                                                     :        2 samples, Peak.  47.7 us (1.0x), Avg.  47.2 us, Total. 94.40 us (0.0%)
[Performance] InitializeOnLoad LiveReloadTrackerCreator                                                                       :        2 samples, Peak.   117 us (1.2x), Avg.  99.6 us, Total. 199.1 us (0.0%)
[Performance] InitializeOnLoad UxmlObjectEditorFactories                                                                      :        2 samples, Peak.   368 us (1.1x), Avg.   338 us, Total. 675.2 us (0.0%)
[Performance] InitializeOnLoad UXMLEditorFactories                                                                            :        2 samples, Peak.  38.1 ms (1.0x), Avg.  37.2 ms, Total. 74.44 ms (0.7%)
[Performance] InitializeOnLoad PurchasingService                                                                              :        2 samples, Peak.  5.16 ms (1.1x), Avg.  4.79 ms, Total. 9.581 ms (0.1%)
[Performance] InitializeOnLoad CloudBuildPoller                                                                               :        2 samples, Peak.  88.7 us (1.2x), Avg.  76.8 us, Total. 153.6 us (0.0%)
[Performance] InitializeOnLoad EditorGameServicesAnalytics                                                                    :        2 samples, Peak.   977 us (1.3x), Avg.   746 us, Total. 1.491 ms (0.0%)
[Performance] InitializeOnLoad AnalyticsService                                                                               :        2 samples, Peak.   194 us (1.2x), Avg.   158 us, Total. 315.7 us (0.0%)
[Performance] InitializeOnLoad BuildService                                                                                   :        2 samples, Peak.   313 us (1.6x), Avg.   201 us, Total. 402.5 us (0.0%)
[Performance] InitializeOnLoad AdsService                                                                                     :        2 samples, Peak.   356 us (1.2x), Avg.   304 us, Total. 608.3 us (0.0%)
[Performance] InitializeOnLoad UDPService                                                                                     :        2 samples, Peak.   128 us (1.2x), Avg.   107 us, Total. 214.1 us (0.0%)
[Performance] InitializeOnLoad CrashService                                                                                   :        2 samples, Peak.  91.6 us (1.1x), Avg.  87.1 us, Total. 174.2 us (0.0%)
[Performance] InitializeOnLoad ServicesRepository                                                                             :        2 samples, Peak.  2.00 us (1.8x), Avg.  1.10 us, Total. 2.200 us (0.0%)
[Performance] InitializeOnLoad SearchWindow                                                                                   :        2 samples, Peak.  93.3 us (1.1x), Avg.  83.0 us, Total. 166.0 us (0.0%)
[Performance] InitializeOnLoad CustomIndexers                                                                                 :        2 samples, Peak.  11.1 ms (1.1x), Avg.  10.5 ms, Total. 20.94 ms (0.2%)
[Performance] InitializeOnLoad SearchMonitor                                                                                  :        2 samples, Peak.   650 us (1.1x), Avg.   601 us, Total. 1.202 ms (0.0%)
[Performance] InitializeOnLoad ParameterControllerEditor                                                                      :        2 samples, Peak.  18.3 us (1.1x), Avg.  16.6 us, Total. 33.20 us (0.0%)
[Performance] InitializeOnLoad LayerSettingsWindow                                                                            :        2 samples, Peak.  24.2 us (1.8x), Avg.  13.4 us, Total. 26.80 us (0.0%)
[Performance] InitializeOnLoad PackageManagerHookGUIDConverter.RegisterPackagesEventHandler                                   :        2 samples, Peak.   546 us (1.3x), Avg.   408 us, Total. 816.5 us (0.0%)
[Performance] InitializeOnLoad EditorDragAndDrop.RegisterEditorClient                                                         :        2 samples, Peak.   206 us (1.3x), Avg.   161 us, Total. 321.1 us (0.0%)
[Performance] InitializeOnLoad EditorEventCallbacks.InitializeFontAssetResourceChangeCallBacks                                :        2 samples, Peak.   716 us (1.0x), Avg.   694 us, Total. 1.388 ms (0.0%)
[Performance] InitializeOnLoad SceneTemplateService.Init                                                                      :        2 samples, Peak.   753 us (1.1x), Avg.   705 us, Total. 1.410 ms (0.0%)
[Performance] InitializeOnLoad DiagnosticSwitchesConsoleMessage.Init                                                          :        2 samples, Peak.  4.80 ms (1.7x), Avg.  2.79 ms, Total. 5.579 ms (0.1%)
[Performance] InitializeOnLoad SceneVisibilityManager.Initialize                                                              :        2 samples, Peak.  3.59 ms (1.6x), Avg.  2.22 ms, Total. 4.439 ms (0.0%)
[Performance] InitializeOnLoad MemoryProfilerCompilationGuard.InjectCompileGuard                                              :        2 samples, Peak.   104 us (1.0x), Avg.  99.3 us, Total. 198.6 us (0.0%)
[Performance] InitializeOnLoad SysrootManager.Initialize                                                                      :        2 samples, Peak.   358 us (1.1x), Avg.   332 us, Total. 664.2 us (0.0%)
[Performance] InitializeOnLoad PackageManagerWindow.EditorInitializedInSafeMode                                               :        2 samples, Peak.   225 us (1.7x), Avg.   129 us, Total. 257.6 us (0.0%)
[Performance] InitializeOnLoad EditorWindow.Initialize                                                                        :        2 samples, Peak.   409 us (1.4x), Avg.   298 us, Total. 595.8 us (0.0%)
[Performance] InitializeOnLoad ToolShortcutContext.Init                                                                       :        2 samples, Peak.   110 us (1.2x), Avg.  91.3 us, Total. 182.5 us (0.0%)
[Performance] InitializeOnLoad ScopedRegistryAddedPopup.SubscribeToRegistriesAdded                                            :        2 samples, Peak.   162 us (1.3x), Avg.   125 us, Total. 249.2 us (0.0%)
[Performance] InitializeOnLoad AssetPostprocessingInternal.RefreshCustomDependencies                                          :        2 samples, Peak.  1.99 ms (1.4x), Avg.  1.42 ms, Total. 2.834 ms (0.0%)
[Performance] AssemblyReloadEvents.afterAssemblyReload: UnityEditor.PackageManager.TuanjiePathAndNameFix.FixTuanjieNameOrPath :        2 samples, Peak.  2.16 ms (1.3x), Avg.  1.66 ms, Total. 3.329 ms (0.0%)
[Performance] AssemblyReloadEvents.afterAssemblyReload: UnityEditor.SceneTemplate.SceneTemplateService.AfterAssemblyReload    :        2 samples, Peak.  2.68 ms (1.9x), Avg.  1.43 ms, Total. 2.862 ms (0.0%)
[Performance] ProcessService.EditorAfterLoadAllAssemblies                                                                     :        2 samples, Peak.   233 us (1.2x), Avg.   197 us, Total. 394.0 us (0.0%)
[Performance] Application.ReadLicenseInfo                                                                                     :        1 samples, Peak.   181 us (1.0x), Avg.   181 us, Total. 180.6 us (0.0%)
[Performance] Application.InitialRefresh                                                                                      :        1 samples, Peak.  4.05 s (1.0x), Avg.  4.05 s, Total. 4.051 s (37.7%)
[Performance] ShaderImporter.SourceAssetModified                                                                              :        3 samples, Peak.   600 ns (1.1x), Avg.   533 ns, Total. 1.600 us (0.0%)
[Performance] ShaderIncludeImporter.SourceAssetModified                                                                       :        3 samples, Peak.   900 ns (1.2x), Avg.   767 ns, Total. 2.300 us (0.0%)
[Performance] Compiling Scripts                                                                                               :        1 samples, Peak.  1.62 s (1.0x), Avg.  1.62 s, Total. 1.624 s (15.1%)
[Performance] AssemblyReloadEvents.beforeAssemblyReload: UnityEditor.SceneTemplate.SceneTemplateService.BeforeAssemblyReload  :        1 samples, Peak.   295 us (1.0x), Avg.   295 us, Total. 294.7 us (0.0%)
[Performance] PresetManagerPostProcessor.OnPreprocessAsset                                                                    :        3 samples, Peak.  1.12 ms (2.6x), Avg.   434 us, Total. 1.301 ms (0.0%)
[Performance] CancelSplashScreenOnAssetChange.OnPreprocessAsset                                                               :        3 samples, Peak.   153 us (2.9x), Avg.  52.4 us, Total. 157.3 us (0.0%)
[Performance] InitializeOnLoad PackageEntryPoint                                                                              :        1 samples, Peak.  45.7 ms (1.0x), Avg.  45.7 ms, Total. 45.70 ms (0.4%)
[Performance] InitializeOnLoad UnityInternalsInjector                                                                         :        1 samples, Peak.   645 us (1.0x), Avg.   645 us, Total. 645.1 us (0.0%)
[Performance] InitializeOnLoad UVCSToolbarBoostrap                                                                            :        1 samples, Peak.  33.6 ms (1.0x), Avg.  33.6 ms, Total. 33.58 ms (0.3%)
[Performance] InitializeOnLoad VSUsageUtility                                                                                 :        1 samples, Peak.  15.1 ms (1.0x), Avg.  15.1 ms, Total. 15.15 ms (0.1%)
[Performance] InitializeOnLoad BackgroundWatcher                                                                              :        1 samples, Peak.   138 us (1.0x), Avg.   138 us, Total. 138.3 us (0.0%)
[Performance] InitializeOnLoad RerunCallbackInitializer                                                                       :        1 samples, Peak.  5.41 ms (1.0x), Avg.  5.41 ms, Total. 5.406 ms (0.1%)
[Performance] InitializeOnLoad TestStarter                                                                                    :        1 samples, Peak.  2.32 ms (1.0x), Avg.  2.32 ms, Total. 2.319 ms (0.0%)
[Performance] InitializeOnLoad UnityTestProtocolStarter                                                                       :        1 samples, Peak.   105 us (1.0x), Avg.   105 us, Total. 104.9 us (0.0%)
[Performance] InitializeOnLoad CoverageReporterStarter                                                                        :        1 samples, Peak.  4.67 ms (1.0x), Avg.  4.67 ms, Total. 4.673 ms (0.0%)
[Performance] InitializeOnLoad SampleDependencyImporter                                                                       :        1 samples, Peak.  1.03 ms (1.0x), Avg.  1.03 ms, Total. 1.028 ms (0.0%)
[Performance] InitializeOnLoad VisualStudioEditor                                                                             :        1 samples, Peak.  7.29 ms (1.0x), Avg.  7.29 ms, Total. 7.286 ms (0.1%)
[Performance] InitializeOnLoad TestRunnerApiListener                                                                          :        1 samples, Peak.   409 us (1.0x), Avg.   409 us, Total. 408.6 us (0.0%)
[Performance] InitializeOnLoad VisualStudioIntegration                                                                        :        1 samples, Peak.  1.20 ms (1.0x), Avg.  1.20 ms, Total. 1.197 ms (0.0%)
[Performance] InitializeOnLoad PrefabLayoutRebuilder                                                                          :        1 samples, Peak.   171 us (1.0x), Avg.   171 us, Total. 171.3 us (0.0%)
[Performance] InitializeOnLoad RiderScriptEditor                                                                              :        1 samples, Peak.  4.07 ms (1.0x), Avg.  4.07 ms, Total. 4.072 ms (0.0%)
[Performance] InitializeOnLoad CallbackInitializer                                                                            :        1 samples, Peak.  1.06 ms (1.0x), Avg.  1.06 ms, Total. 1.062 ms (0.0%)
[Performance] InitializeOnLoad VSCodeScriptEditor                                                                             :        1 samples, Peak.  3.10 ms (1.0x), Avg.  3.10 ms, Total. 3.105 ms (0.0%)
[Performance] InitializeOnLoad TestJobDataHolder.ResumeRunningJobs                                                            :        1 samples, Peak.  1.15 ms (1.0x), Avg.  1.15 ms, Total. 1.155 ms (0.0%)
[Performance] InitializeOnLoad AnalyticsReporter.RegisterCallbacks                                                            :        1 samples, Peak.   236 us (1.0x), Avg.   236 us, Total. 236.2 us (0.0%)
[Performance] InitializeOnLoad VisualStudioEditor.LegacyVisualStudioCodePackageDisabler                                       :        1 samples, Peak.  7.23 ms (1.0x), Avg.  7.23 ms, Total. 7.233 ms (0.1%)
[Performance] DidReloadScriptsTestRunnerWindow.CompilationCallback                                                            :        1 samples, Peak.  1.37 ms (1.0x), Avg.  1.37 ms, Total. 1.373 ms (0.0%)
[Performance] DidReloadScriptsTestListCache.ScriptReloaded                                                                    :        1 samples, Peak.  1.66 ms (1.0x), Avg.  1.66 ms, Total. 1.657 ms (0.0%)
[Performance] DidReloadScriptsAdvancedDropdownWindow.OnScriptReload                                                           :        1 samples, Peak.   203 us (1.0x), Avg.   203 us, Total. 202.9 us (0.0%)
[Performance] AssetDatabase.ImportAssets                                                                                      :        4 samples, Peak.   600 ns (1.4x), Avg.   425 ns, Total. 1.700 us (0.0%)
[Performance] VersionControl.Task.Wait                                                                                        :        1 samples, Peak.  5.90 us (1.0x), Avg.  5.90 us, Total. 5.900 us (0.0%)
[Performance] TMPro_TexturePostProcessor.OnPostprocessAllAssets                                                               :        4 samples, Peak.   794 us (2.2x), Avg.   368 us, Total. 1.473 ms (0.0%)
[Performance] UVCSAssetPostprocessor.OnPostprocessAllAssets                                                                   :        4 samples, Peak.   603 us (2.0x), Avg.   302 us, Total. 1.208 ms (0.0%)
[Performance] BuilderAssetPostprocessor.OnPostprocessAllAssets                                                                :        4 samples, Peak.  2.09 ms (2.0x), Avg.  1.06 ms, Total. 4.223 ms (0.0%)
[Performance] ArtifactBrowserPostProcessor.OnPostprocessAllAssets                                                             :        4 samples, Peak.   374 us (2.0x), Avg.   188 us, Total. 752.2 us (0.0%)
[Performance] AssetEvents.OnPostprocessAllAssets                                                                              :        8 samples, Peak.   146 us (3.1x), Avg.  47.0 us, Total. 376.3 us (0.0%)
[Performance] AudioMixerPostprocessor.OnPostprocessAllAssets                                                                  :        4 samples, Peak.   177 us (2.0x), Avg.  89.5 us, Total. 357.9 us (0.0%)
[Performance] DomainReloadPostprocessor.OnPostprocessAllAssets                                                                :        4 samples, Peak.   772 us (2.0x), Avg.   392 us, Total. 1.569 ms (0.0%)
[Performance] StyleCatalogPostProcessor.OnPostprocessAllAssets                                                                :        4 samples, Peak.  13.4 ms (2.0x), Avg.  6.71 ms, Total. 26.86 ms (0.2%)
[Performance] BuildCatalog                                                                                                    :        1 samples, Peak.  12.6 ms (1.0x), Avg.  12.6 ms, Total. 12.62 ms (0.1%)
[Performance] ModelImporterPostProcessor.OnPostprocessAllAssets                                                               :        4 samples, Peak.   819 us (2.0x), Avg.   417 us, Total. 1.667 ms (0.0%)
[Performance] RetainedModeAssetPostprocessor.OnPostprocessAllAssets                                                           :        4 samples, Peak.  1.76 ms (2.0x), Avg.   890 us, Total. 3.559 ms (0.0%)
[Performance] AssetChangedListener.OnPostprocessAllAssets                                                                     :        4 samples, Peak.  1.09 ms (1.6x), Avg.   698 us, Total. 2.790 ms (0.0%)
[Performance] SpeedTreePostProcessor.OnPostprocessAllAssets                                                                   :        4 samples, Peak.   133 us (1.9x), Avg.  70.1 us, Total. 280.2 us (0.0%)
[Performance] TextAssetPostProcessor.OnPostprocessAllAssets                                                                   :        4 samples, Peak.   263 us (1.9x), Avg.   138 us, Total. 550.1 us (0.0%)
[Performance] SamplePostprocessor.OnPostprocessAllAssets                                                                      :        4 samples, Peak.  87.3 us (2.0x), Avg.  44.4 us, Total. 177.5 us (0.0%)
[Performance] SyncVS.PostprocessSyncProject                                                                                   :        2 samples, Peak.  2.55 ms (1.9x), Avg.  1.35 ms, Total. 2.704 ms (0.0%)
[Performance] EditorApplication.projectChanged: UnityEditor.Audio.MixerEffectDefinitionReloader.OnProjectChanged              :        2 samples, Peak.   264 us (1.0x), Avg.   255 us, Total. 509.6 us (0.0%)
[Performance] Application.ImportPackagesAndSetTemplateWhenCreatingProject                                                     :        1 samples, Peak.  15.4 ms (1.0x), Avg.  15.4 ms, Total. 15.36 ms (0.1%)
[Performance] Application.SyncCurrentColorSpace                                                                               :        1 samples, Peak.  5.99 ms (1.0x), Avg.  5.99 ms, Total. 5.985 ms (0.1%)
[Performance] Application.OnUsbDevicesChanged                                                                                 :        1 samples, Peak.  6.83 ms (1.0x), Avg.  6.83 ms, Total. 6.827 ms (0.1%)
[Performance] Application.AssetInstanceCacheUpdate                                                                            :        1 samples, Peak.   400 ns (1.0x), Avg.   400 ns, Total. 400.0 ns (0.0%)
[Performance] Application.UnityExtensions.Initialize                                                                          :        1 samples, Peak.  2.36 ms (1.0x), Avg.  2.36 ms, Total. 2.364 ms (0.0%)
[Performance] CodeEditorProjectSync.SyncEditorProject                                                                         :        1 samples, Peak.   114 ms (1.0x), Avg.   114 ms, Total. 113.7 ms (1.1%)
[Performance] Application.ExecuteStartups                                                                                     :        1 samples, Peak.  33.2 ms (1.0x), Avg.  33.2 ms, Total. 33.17 ms (0.3%)
[Performance] Menu.RegisterMenuInterface                                                                                      :       27 samples, Peak.  1.80 us (9.7x), Avg.   185 ns, Total. 5.000 us (0.0%)
[Performance] Gizmo.RebuildRenderers                                                                                          :        1 samples, Peak.  29.9 ms (1.0x), Avg.  29.9 ms, Total. 29.88 ms (0.3%)
[Performance] Gizmo.AddGizmoRenderers                                                                                         :       74 samples, Peak.  1.03 ms (46.5x), Avg.  22.1 us, Total. 1.634 ms (0.0%)
[Performance] Application.editorInitializingProject                                                                           :        1 samples, Peak.  41.5 ms (1.0x), Avg.  41.5 ms, Total. 41.55 ms (0.4%)
[Performance] Application.InitializeMenu                                                                                      :        1 samples, Peak.   160 ms (1.0x), Avg.   160 ms, Total. 160.0 ms (1.5%)
[Performance] Menu.RebuildAll                                                                                                 :        1 samples, Peak.   160 ms (1.0x), Avg.   160 ms, Total. 160.0 ms (1.5%)
[Performance] Menu.BuildRegisteredMenuInterfaces                                                                              :        1 samples, Peak.   158 ms (1.0x), Avg.   158 ms, Total. 158.3 ms (1.5%)
[Performance] Menu.FilterMenuItem                                                                                             :      598 samples, Peak.  28.4 ms (593.9x), Avg.  47.8 us, Total. 28.56 ms (0.3%)
[Performance] UpdateAllMenus                                                                                                  :        1 samples, Peak.   474 us (1.0x), Avg.   474 us, Total. 474.2 us (0.0%)
[Performance] Menu.RebuildOSMainMenu                                                                                          :        2 samples, Peak.  1.46 ms (1.2x), Avg.  1.26 ms, Total. 2.524 ms (0.0%)
[Performance] EditorSceneManager.sceneClosing: UnityEditor.SceneVisibilityManager.EditorSceneManagerOnSceneClosing            :        1 samples, Peak.   210 us (1.0x), Avg.   210 us, Total. 210.0 us (0.0%)
[Performance] GUIView.RepaintAll.PlayerLoopController                                                                         :        1 samples, Peak.  1.70 us (1.0x), Avg.  1.70 us, Total. 1.700 us (0.0%)
[Performance] EditorSceneManager.newSceneCreated: UnityEditor.SceneTemplate.SceneTemplateService.OnNewSceneCreated            :        1 samples, Peak.   179 us (1.0x), Avg.   179 us, Total. 179.2 us (0.0%)
[Performance] EditorSceneManager.newSceneCreated: UnityEditor.SceneVisibilityManager.EditorSceneManagerOnNewSceneCreated      :        1 samples, Peak.   126 us (1.0x), Avg.   126 us, Total. 125.6 us (0.0%)
[Performance] EditorSceneManager.newSceneCreated: UnityEditor.SceneManagement.StageNavigationManager.OnNewSceneCreated        :        1 samples, Peak.  36.3 us (1.0x), Avg.  36.3 us, Total. 36.30 us (0.0%)
[Performance] Application.InvokeFinishedLoadingProject                                                                        :        1 samples, Peak.   810 ms (1.0x), Avg.   810 ms, Total. 810.4 ms (7.5%)
[Performance] ProcessService.OnProjectLoaded                                                                                  :        1 samples, Peak.  32.8 us (1.0x), Avg.  32.8 us, Total. 32.80 us (0.0%)
[Performance] EditorApplication.quitting: UnityEditor.SettingsManagement.FileSettingsRepository.Save                          :        1 samples, Peak.  1.31 ms (1.0x), Avg.  1.31 ms, Total. 1.307 ms (0.0%)
[Performance] EditorApplication.quitting: callback in UnityEditor.TextCore.Text.EditorEventCallbacks                          :        1 samples, Peak.  4.28 ms (1.0x), Avg.  4.28 ms, Total. 4.280 ms (0.0%)
[Performance] Application.Shutdown.PauseProfilerSession                                                                       :        1 samples, Peak.  21.2 us (1.0x), Avg.  21.2 us, Total. 21.20 us (0.0%)
[Performance] Application.Shutdown.PauseAssetImportWorkers                                                                    :        1 samples, Peak.   122 us (1.0x), Avg.   122 us, Total. 122.5 us (0.0%)
[Performance] Application.Shutdown.SaveAssets                                                                                 :        1 samples, Peak.  8.75 ms (1.0x), Avg.  8.75 ms, Total. 8.752 ms (0.1%)
[Performance] FlowMacroSavedEvent.OnWillSaveAssets                                                                            :        1 samples, Peak.   124 us (1.0x), Avg.   124 us, Total. 124.0 us (0.0%)
[Performance] StateMacroSavedEvent.OnWillSaveAssets                                                                           :        1 samples, Peak.  80.6 us (1.0x), Avg.  80.6 us, Total. 80.60 us (0.0%)
[Performance] UnityCloudProjectLinkMonitor.OnWillSaveAssets                                                                   :        1 samples, Peak.   233 us (1.0x), Avg.   233 us, Total. 233.3 us (0.0%)
[Performance] UVCSAssetModificationProcessor.OnWillSaveAssets                                                                 :        1 samples, Peak.   187 us (1.0x), Avg.   187 us, Total. 187.0 us (0.0%)
[Performance] BuilderAssetModificationProcessor.OnWillSaveAssets                                                              :        1 samples, Peak.   229 us (1.0x), Avg.   229 us, Total. 228.5 us (0.0%)
[Performance] TerrainModificationProcessor.OnWillSaveAssets                                                                   :        1 samples, Peak.   394 us (1.0x), Avg.   394 us, Total. 394.3 us (0.0%)
[Performance] Application.Shutdown.CleanupRenderPipeline                                                                      :        1 samples, Peak.  6.50 us (1.0x), Avg.  6.50 us, Total. 6.500 us (0.0%)
[Performance] Application.Shutdown.StopPreloadManager                                                                         :        1 samples, Peak.  9.73 ms (1.0x), Avg.  9.73 ms, Total. 9.731 ms (0.1%)
[Performance] Application.Shutdown.DestroyWorld                                                                               :        1 samples, Peak.   322 us (1.0x), Avg.   322 us, Total. 321.9 us (0.0%)
[Performance] Application.Shutdown.CleanupAfterLoad                                                                           :        1 samples, Peak.  1.60 ms (1.0x), Avg.  1.60 ms, Total. 1.601 ms (0.0%)
[Performance] Application.Shutdown.Progress                                                                                   :        1 samples, Peak.  4.50 us (1.0x), Avg.  4.50 us, Total. 4.500 us (0.0%)
[Performance] Application.Shutdown.GICleanupManagers                                                                          :        1 samples, Peak.   402 us (1.0x), Avg.   402 us, Total. 401.5 us (0.0%)
[Performance] Application.Shutdown.MenuCleanupClass                                                                           :        1 samples, Peak.   118 us (1.0x), Avg.   118 us, Total. 117.8 us (0.0%)
[Performance] Application.Shutdown.ADBSaveStateBeforeShutdown                                                                 :        1 samples, Peak.  8.00 us (1.0x), Avg.  8.00 us, Total. 8.000 us (0.0%)
[Performance] Application.Shutdown.RemoteShutdown                                                                             :        1 samples, Peak.   800 ns (1.0x), Avg.   800 ns, Total. 800.0 ns (0.0%)
[Performance] Application.Shutdown.CleanupVCProvider                                                                          :        1 samples, Peak.  7.60 us (1.0x), Avg.  7.60 us, Total. 7.600 us (0.0%)
[Performance] Application.Shutdown.InputShutdown                                                                              :        1 samples, Peak.   400 ns (1.0x), Avg.   400 ns, Total. 400.0 ns (0.0%)
[Performance] Application.Shutdown.GizmoManagerDestroy                                                                        :        1 samples, Peak.   710 us (1.0x), Avg.   710 us, Total. 709.6 us (0.0%)
[Performance] Application.Shutdown.ProfilerSession                                                                            :        1 samples, Peak.   148 us (1.0x), Avg.   148 us, Total. 147.6 us (0.0%)
[Performance] Application.Shutdown.ReleaseGfxWindowOnAllGUIViews                                                              :        1 samples, Peak.   200 ns (1.0x), Avg.   200 ns, Total. 200.0 ns (0.0%)
[Performance] Application.Shutdown.CleanupEngine                                                                              :        1 samples, Peak.  81.1 ms (1.0x), Avg.  81.1 ms, Total. 81.09 ms (0.8%)
[Performance] Application.Shutdown.CleanupAssetDatabase                                                                       :        1 samples, Peak.  6.99 ms (1.0x), Avg.  6.99 ms, Total. 6.991 ms (0.1%)
[Performance] Application.Shutdown.ScriptCompilationCleanUp                                                                   :        1 samples, Peak.  20.8 ms (1.0x), Avg.  20.8 ms, Total. 20.82 ms (0.2%)
[Performance] Application.Shutdown.DestroyJobSystem                                                                           :        1 samples, Peak.   116 us (1.0x), Avg.   116 us, Total. 116.3 us (0.0%)
[Performance] Application.Shutdown.CleanupPersistentManager                                                                   :        1 samples, Peak.   943 us (1.0x), Avg.   943 us, Total. 943.1 us (0.0%)
[Performance] Application.Shutdown.CleanupAsyncReadManager                                                                    :        1 samples, Peak.   219 us (1.0x), Avg.   219 us, Total. 218.6 us (0.0%)
[Performance] Application.Shutdown.CleanupProgressBar                                                                         :        1 samples, Peak.   200 ns (1.0x), Avg.   200 ns, Total. 200.0 ns (0.0%)
[Performance] Application.Shutdown.CleanupMono                                                                                :        1 samples, Peak.  37.8 ms (1.0x), Avg.  37.8 ms, Total. 37.80 ms (0.4%)
[Performance] Application.Shutdown.CleanupStdConverters                                                                       :        1 samples, Peak.  9.80 us (1.0x), Avg.  9.80 us, Total. 9.800 us (0.0%)
[Performance] Application.Shutdown.UnloadAllPlatformSupportModuleNativeDlls                                                   :        1 samples, Peak.   400 ns (1.0x), Avg.   400 ns, Total. 400.0 ns (0.0%)
[Performance] Application.Shutdown.UnloadAllPlatformSupportNativeLibraries                                                    :        1 samples, Peak.   288 ms (1.0x), Avg.   288 ms, Total. 287.7 ms (2.7%)
[Performance] Application.Shutdown.CleanupAutoDocumentation                                                                   :        1 samples, Peak.   341 us (1.0x), Avg.   341 us, Total. 341.1 us (0.0%)
[Performance] Application.Shutdown.ShaderNameManagerDestroy                                                                   :        1 samples, Peak.  44.9 us (1.0x), Avg.  44.9 us, Total. 44.90 us (0.0%)
[Performance] Application.Shutdown.CleanupCacheServer                                                                         :        1 samples, Peak.   200 ns (1.0x), Avg.   200 ns, Total. 200.0 ns (0.0%)
[Performance] Application.Shutdown.Virtualization_Shutdown                                                                    :        1 samples, Peak.   300 ns (1.0x), Avg.   300 ns, Total. 300.0 ns (0.0%)
[Performance] Application.Shutdown.DevConnections                                                                             :        1 samples, Peak.  99.8 us (1.0x), Avg.  99.8 us, Total. 99.80 us (0.0%)
Exiting batchmode successfully now!
Exiting without the bug reporter. Application will terminate with return code 0