[Licensing::Module] Trying to connect to existing licensing client channel...
[Licensing::IpcConnector] Connection attempt to the License Client on channel: "LicenseClient-youku" failed because channel doesn't exist; code: "0x80000002"
[Licensing::Module] GetFullLicensingClientPath:	 C:/Program Files/Tuanjie/Hub/Editor/2022.3.62t14/Editor/Data/Resources/Licensing/Client/Tuanjie.Licensing.Client.exe
[Licensing::Module] Successfully launched the LicensingClient (PId: 42100)
[Licensing::IpcConnector] Successfully connected to the License Client on channel: "LicenseClient-youku" at "2026-09-08T11:07:49.8849182Z"
[Licensing::Client] Error: Code 10 while verifying Licensing Client signature (process Id: 42100, path: "C:/Program Files/Tuanjie/Hub/Editor/2022.3.62t14/Editor/Data/Resources/Licensing/Client/Tuanjie.Licensing.Client.exe")
[Licensing::Module] Error: LicensingClient has failed validation; ignoring
[Licensing::Client] Successfully send message: {"AuthorizationCheck":"Ewh7rSekBOpuiQ==","messageType":"HandshakeRequest","protocolVersion":"1.12","userAgent":"TuanjieEditor/2022.3.62t14 (Windows; U; Windows NT 10.0; zh)","externalCorrelationId":"2498952531798210506"} at 1788865669
[Licensing::Client] Successfully receive message: {"protocolVersion":"1.12","sessionId":"232a385107724c98a84c0b53b6859076","context":{"DeviceName":"ZJ-0508","DeviceModel":"System Product Name (ASUS)","PhysicalMemoryMB":"65325","SystemLanguageISO":"zh","ProcessorCount":"24","ProcessorType":"13th Gen Intel(R) Core(TM) i7-13700KF","OperatingSystem":"Windows 10  (10.0.26100) 64bit","OperatingSystemNumeric":"1000","Legacy.MachineBinding1":"00330-80000-00000-AA725","Legacy.MachineBinding2":"00000_00_000000_00_00062B_27_863CBB_E0.5","Legacy.MachineBinding4":"U3lzdGVtIFNlcmlhbCBOdW1iZXI=","Legacy.MachineBinding5":"cc:28:aa:7d:17:26","EnvironmentUser":"youku","EnvironmentDomain":"ZJ-0508","EnvironmentHostname":"ZJ-0508"},"assemblyProductVersion":"1.14.0+5d8f2d1","machineId":"J1J0c82gPJPDodbio++fQLXpQCY=","correlationId":"915d0fa33365209d5410c940d2d1ce90","responseCode":200,"responseStatus":"Handshake successful","messageType":"HandshakeResponse"} at 1788865669
[Licensing::Client] Handshaking with LicensingClient:
  Version:                 1.14.0+5d8f2d1
  Session Id:              232a385107724c98a84c0b53b6859076
  Correlation Id:          915d0fa33365209d5410c940d2d1ce90
  External correlation Id: 2498952531798210506
  Machine Id:              J1J0c82gPJPDodbio++fQLXpQCY=
[Licensing::Module] Successfully connected to LicensingClient on channel: "LicenseClient-youku" (connect: 1.25s, validation: 0.05s, handshake: 0.05s)
[Licensing::IpcConnector] Successfully connected to the License Notification on channel: "LicenseClient-youku-notifications" at "2026-09-08T11:07:49.9820988Z"
[Licensing::Module] Connected to LicensingClient (PId: 42100, launch time: 0.03, total connection time: 1.34s)
[Licensing::Module] Error: Access token is unavailable; failed to update
[Licensing::Client] Successfully send message: {"AuthorizationCheck":"1Divk/VYD29Mng==","messageType":"UpdateLicenseRequest","AccessToken":"","OrgId":"","ProjectId":"","forceUpdateLicense":true} at 1788865669
[Licensing::Client] Successfully receive message: {"responseCode":200,"responseStatus":"Licenses updated.","messageType":"UpdateLicenseResponse","authorizationCheck":"1Divk/VYD29Mng93AoHEl+dkQy9h"} at 1788865670
[Licensing::Client] Attempt to check time stamp (startTime: 1788865669, endTime: 1788865670)
[Licensing::Client] Successfully updated license
Built from 'tuanjie/1.10/staging' branch; Version is '2022.3.62t14 (1f04f7aba499) revision 2032887'; Using compiler version '192829333'; Build Type 'Release'
OS: 'Windows 11  (10.0.26100) 64bit Professional' Language: 'zh' Physical Memory: 65325 MB
[Licensing::Client] Successfully send message: {"AuthorizationCheck":"Yq4yOVhYR1O+lA==","messageType":"EntitlementDetailsRequest","entitlementIds":["com.unity.editor.legacy.pro","com.unity.editor.headless"],"packageEntitlementIds":[],"includeCustomData":false} at 1788865670
[Licensing::Client] Successfully receive message: {"entitlementGroups":[{"entitlementGroupId":"F4-AGDB-QRN4-X3UU-7KXH-P4RQ","entitlementGroupIdHash":"33d25efdcaaa32aa544bad3a9533f164d8bf246e","productName":"Unity Personal","productType":"TuanjieEditor","licenseType":"ULF","expiration":1789128470000,"matchedEntitlements":[{"entitlementId":"com.unity.editor.headless","isPackage":false,"count":1}]}],"responseCode":200,"responseStatus":"Found 1 entitlement groups and 0 free entitlements matching requested entitlement ids","messageType":"EntitlementDetailsResponse","authorizationCheck":"Yq4yOVhYR1O+lNWmpmJY0I4WeB2C"} at 1788865670
[Licensing::Client] Attempt to check time stamp (startTime: 1788865670, endTime: 1788865670)
[Licensing::Client] Successfully resolved entitlement details
[Licensing::Module] Serial number assigned to: "F4-AGDB-QRN4-X3UU-7KXH-XXXX"
BatchMode: 1, IsHumanControllingUs: 0, StartBugReporterOnCrash: 0, Is64bit: 1, IsPro: 0
[Licensing::Client] Successfully send message: {"AuthorizationCheck":"Yq4yOVhYR1O+lA==","messageType":"EntitlementDetailsRequest","entitlementIds":["com.unity.editor.headless","com.unity.editor.ui"],"packageEntitlementIds":[],"includeCustomData":false} at 1788865670
[Licensing::Client] Successfully receive message: {"entitlementGroups":[{"entitlementGroupId":"F4-AGDB-QRN4-X3UU-7KXH-P4RQ","entitlementGroupIdHash":"33d25efdcaaa32aa544bad3a9533f164d8bf246e","productName":"Unity Personal","productType":"TuanjieEditor","licenseType":"ULF","expiration":1789128470000,"matchedEntitlements":[{"entitlementId":"com.unity.editor.ui","isPackage":false,"count":1},{"entitlementId":"com.unity.editor.headless","isPackage":false,"count":1}]}],"responseCode":200,"responseStatus":"Found 1 entitlement groups and 0 free entitlements matching requested entitlement ids","messageType":"EntitlementDetailsResponse","authorizationCheck":"Yq4yOVhYR1O+lNWmpmJY0I4WeB2C"} at 1788865670
[Licensing::Client] Attempt to check time stamp (startTime: 1788865670, endTime: 1788865670)
[Licensing::Client] Successfully resolved entitlement details

COMMAND LINE ARGUMENTS:
C:\Program Files\Tuanjie\Hub\Editor\2022.3.62t14\Editor\Tuanjie.exe
-batchmode
-quit
-projectPath
D:\NewOne\Client
-executeMethod
Stage2SceneSetup.Apply
-logFile
D:\NewOne\Client\Stage2SceneSetup.log
Successfully changed project path to: D:\NewOne\Client
D:/NewOne/Client
[Memory] Configuration Parameters - Can be set up in boot.config
    "memorysetup-bucket-allocator-granularity=16"
    "memorysetup-bucket-allocator-bucket-count=8"
    "memorysetup-bucket-allocator-block-size=33554432"
    "memorysetup-bucket-allocator-block-count=8"
    "memorysetup-main-allocator-block-size=16777216"
    "memorysetup-thread-allocator-block-size=16777216"
    "memorysetup-gfx-main-allocator-block-size=16777216"
    "memorysetup-gfx-thread-allocator-block-size=16777216"
    "memorysetup-cache-allocator-block-size=4194304"
    "memorysetup-typetree-allocator-block-size=2097152"
    "memorysetup-profiler-bucket-allocator-granularity=16"
    "memorysetup-profiler-bucket-allocator-bucket-count=8"
    "memorysetup-profiler-bucket-allocator-block-size=33554432"
    "memorysetup-profiler-bucket-allocator-block-count=8"
    "memorysetup-profiler-allocator-block-size=16777216"
    "memorysetup-profiler-editor-allocator-block-size=1048576"
    "memorysetup-temp-allocator-size-main=16777216"
    "memorysetup-job-temp-allocator-block-size=2097152"
    "memorysetup-job-temp-allocator-block-size-background=1048576"
    "memorysetup-job-temp-allocator-reduction-small-platforms=262144"
    "memorysetup-allocator-temp-initial-block-size-main=262144"
    "memorysetup-allocator-temp-initial-block-size-worker=262144"
    "memorysetup-temp-allocator-size-gfx=262144"
    "memorysetup-temp-allocator-size-background-worker=32768"
    "memorysetup-temp-allocator-size-job-worker=262144"
    "memorysetup-temp-allocator-size-preload-manager=33554432"
    "memorysetup-temp-allocator-size-nav-mesh-worker=65536"
    "memorysetup-temp-allocator-size-audio-worker=65536"
    "memorysetup-temp-allocator-size-cloud-worker=32768"
    "memorysetup-temp-allocator-size-gi-baking-worker=262144"
    "memorysetup-temp-allocator-size-gfx=262144"
Player connection [60812]  Target information:

Player connection [60812]  * "[IP] 10.20.137.218 [Port] 55504 [Flags] 2 [Guid] 3661036042 [EditorId] 3661036042 [Version] 1048832 [Id] WindowsEditor(7,ZJ-0508) [Debug] 1 [PackageName] WindowsEditor [ProjectName] Editor" 

Player connection [60812] Host joined multi-casting on [225.0.0.222:54997]...
Player connection [60812] Host joined alternative multi-casting on [225.0.0.222:34997]...
Input System module state changed to: Initialized.
AS: AutoStreaming module initializing.
[LiveLink] LiveLink library is loaded successfully. Initializing...
Begin write certificate to file.
Write certificate complete, return 1.
InitScreenManager.StartServer, cert is C:/Users/youku/AppData/Roaming/Tuanjie/5160-rest-certificate.pem
Start HTTP server port 38000, HTTPS server port 38443.
[Package Manager] UpmClient::Connect -- Connected to IPC stream "Upm-5160" after 0.0 seconds.
[Licensing::Client] Successfully send message: {"AuthorizationCheck":"Yq4yOVhYR1O+lQ==","messageType":"EntitlementDetailsRequest","entitlementIds":["com.unity.editor.ui","com.unity.editor.headless","com.unity.editor.dark-skin","com.unity.editor.disable-splash-screen","com.unity.editor.legacy.embedded","com.unity.editor.legacy.pro","com.unity.editor.platforms.android","com.unity.editor.platforms.android.pro","com.unity.editor.platforms.ios","com.unity.editor.platforms.ios.pro","com.unity.editor.platforms.nintendo3ds","com.unity.editor.platforms.ps4","com.unity.editor.platforms.pzazz","com.unity.editor.platforms.uwp","com.unity.editor.platforms.uwp.pro","com.unity.editor.platforms.vita","com.unity.editor.platforms.xboxone","com.unity.editor.watermarks.disable","com.unity.editor.watermarks.edu","com.unity.editor.watermarks.prototyping","com.unity.editor.watermarks.trial","com.unity.editor.time-limited-license","com.unity.editor.internal-developer","com.unity.tiny","cn.tuanjie.hmirp","com.unity.editor.unity.compliant","com.unity.editor.platforms.minigame","com.unity.editor.watermarks.forcedisable","com.unity.editor.guid.encryption","com.unity.editor.open-harmony.analytics.disabled","com.unity.editor.mini-game.analytics.disabled","com.unity.editor.last.activation.date","com.unity.editor.unity.expiration.2d","com.unity.editor.unity.expiration.7d","com.unity.editor.playableads.watermark","com.unity.editor.android.analytics.enable","com.unity.editor.ios.analytics.enable"],"packageEntitlementIds":[],"includeCustomData":false} at 1788865671
[Licensing::Client] Successfully receive message: {"entitlementGroups":[{"entitlementGroupId":"F4-AGDB-QRN4-X3UU-7KXH-P4RQ","entitlementGroupIdHash":"33d25efdcaaa32aa544bad3a9533f164d8bf246e","productName":"Unity Personal","productType":"TuanjieEditor","licenseType":"ULF","expiration":1789128470000,"matchedEntitlements":[{"entitlementId":"com.unity.editor.platforms.android","isPackage":false,"count":1},{"entitlementId":"com.unity.editor.platforms.uwp","isPackage":false,"count":1},{"entitlementId":"com.unity.editor.platforms.minigame","isPackage":false,"count":1},{"entitlementId":"com.unity.editor.platforms.ios","isPackage":false,"count":1},{"entitlementId":"com.unity.editor.guid.encryption","isPackage":false,"count":1},{"entitlementId":"com.unity.editor.ui","isPackage":false,"count":1},{"entitlementId":"com.unity.editor.headless","isPackage":false,"count":1},{"entitlementId":"com.unity.editor.unity.expiration.2d","isPackage":false,"count":1},{"entitlementId":"com.unity.editor.ios.analytics.enable","isPackage":false,"count":1},{"entitlementId":"com.unity.editor.android.analytics.enable","isPackage":false,"count":1},{"entitlementId":"com.unity.editor.watermarks.forcedisable","isPackage":false,"count":1},{"entitlementId":"com.unity.editor.last.activation.date","isPackage":false,"count":1},{"entitlementId":"com.unity.editor.unity.compliant","isPackage":false,"count":1},{"entitlementId":"com.unity.editor.mini-game.analytics.disabled","isPackage":false,"count":1},{"entitlementId":"com.unity.editor.time-limited-license","isPackage":false,"count":1}]}],"responseCode":200,"responseStatus":"Found 1 entitlement groups and 0 free entitlements matching requested entitlement ids","messageType":"EntitlementDetailsResponse","authorizationCheck":"Yq4yOVhYR1O+ldWmpmJY0OcyKOVm"} at 1788865671
[Licensing::Client] Attempt to check time stamp (startTime: 1788865671, endTime: 1788865671)
[Licensing::Client] Successfully resolved entitlement details
[Licensing::Client] Successfully send message: {"AuthorizationCheck":"Yq4yOVhYR1O+lQ==","messageType":"EntitlementDetailsRequest","entitlementIds":["com.unity.editor.allow-mix-usage","com.unity.editor.headless"],"packageEntitlementIds":[],"includeCustomData":false} at 1788865671
[Licensing::Client] Successfully receive message: {"entitlementGroups":[{"entitlementGroupId":"F4-AGDB-QRN4-X3UU-7KXH-P4RQ","entitlementGroupIdHash":"33d25efdcaaa32aa544bad3a9533f164d8bf246e","productName":"Unity Personal","productType":"TuanjieEditor","licenseType":"ULF","expiration":1789128470000,"matchedEntitlements":[{"entitlementId":"com.unity.editor.headless","isPackage":false,"count":1}]}],"responseCode":200,"responseStatus":"Found 1 entitlement groups and 0 free entitlements matching requested entitlement ids","messageType":"EntitlementDetailsResponse","authorizationCheck":"Yq4yOVhYR1O+ldWmpmJY0OcyKOVm"} at 1788865671
[Licensing::Client] Attempt to check time stamp (startTime: 1788865671, endTime: 1788865671)
[Licensing::Client] Successfully resolved entitlement details
[Package Manager] Restoring resolved packages state from cache
[Licensing::Client] Successfully send message: {"AuthorizationCheck":"Yq4yOVhYR1O+lQ==","messageType":"EntitlementDetailsRequest","entitlementIds":[],"packageEntitlementIds":["com.unity.collab-proxy","com.unity.feature.development","com.unity.textmeshpro","com.unity.timeline","com.unity.ugui","com.unity.visualscripting","com.unity.modules.ai","com.unity.modules.androidjni","com.unity.modules.animation","com.unity.modules.assetbundle","com.unity.modules.audio","com.unity.modules.cloth","com.unity.modules.director","com.unity.modules.imageconversion","com.unity.modules.imgui","com.unity.modules.infinity","com.unity.modules.jsonserialize","com.unity.modules.particlesystem","com.unity.modules.physics","com.unity.modules.physics2d","com.unity.modules.screencapture","com.unity.modules.terrain","com.unity.modules.terrainphysics","com.unity.modules.tilemap","com.unity.modules.ui","com.unity.modules.uielements","com.unity.modules.unityanalytics","com.unity.modules.unitywebrequest","com.unity.modules.unitywebrequestassetbundle","com.unity.modules.unitywebrequestaudio","com.unity.modules.unitywebrequesttexture","com.unity.modules.unitywebrequestwww","com.unity.modules.vehicles","com.unity.modules.video","com.unity.modules.vr","com.unity.modules.wind","com.unity.modules.xr","com.unity.modules.subsystems","com.unity.ide.visualstudio","com.unity.ide.rider","com.unity.ide.vscode","com.unity.editorcoroutines","com.unity.performance.profile-analyzer","com.unity.test-framework","com.unity.testtools.codecoverage","com.unity.settings-manager","com.unity.ext.nunit"],"includeCustomData":false} at 1788865671
[Licensing::Client] Successfully receive message: {"freeEntitlementIds":["com.unity.collab-proxy","com.unity.feature.development","com.unity.textmeshpro","com.unity.timeline","com.unity.ugui","com.unity.visualscripting","com.unity.modules.ai","com.unity.modules.androidjni","com.unity.modules.animation","com.unity.modules.assetbundle","com.unity.modules.audio","com.unity.modules.cloth","com.unity.modules.director","com.unity.modules.imageconversion","com.unity.modules.imgui","com.unity.modules.infinity","com.unity.modules.jsonserialize","com.unity.modules.particlesystem","com.unity.modules.physics","com.unity.modules.physics2d","com.unity.modules.screencapture","com.unity.modules.terrain","com.unity.modules.terrainphysics","com.unity.modules.tilemap","com.unity.modules.ui","com.unity.modules.uielements","com.unity.modules.unityanalytics","com.unity.modules.unitywebrequest","com.unity.modules.unitywebrequestassetbundle","com.unity.modules.unitywebrequestaudio","com.unity.modules.unitywebrequesttexture","com.unity.modules.unitywebrequestwww","com.unity.modules.vehicles","com.unity.modules.video","com.unity.modules.vr","com.unity.modules.wind","com.unity.modules.xr","com.unity.modules.subsystems","com.unity.ide.visualstudio","com.unity.ide.rider","com.unity.ide.vscode","com.unity.editorcoroutines","com.unity.performance.profile-analyzer","com.unity.test-framework","com.unity.testtools.codecoverage","com.unity.settings-manager","com.unity.ext.nunit"],"responseCode":200,"responseStatus":"Found 0 entitlement groups and 47 free entitlements matching requested entitlement ids","messageType":"EntitlementDetailsResponse","authorizationCheck":"Yq4yOVhYR1O+ldWmpmJY0OcyKOVm"} at 1788865671
[Licensing::Client] Attempt to check time stamp (startTime: 1788865671, endTime: 1788865671)
[Licensing::Client] Successfully resolved entitlement details
[Package Manager] Registered 47 packages:
  Packages from [https://packages.tuanjie.cn]:
    com.unity.collab-proxy@2.12.4 (location: D:\NewOne\Client\Library\PackageCache\com.unity.collab-proxy@2.12.4)
    com.unity.textmeshpro@3.0.9 (location: D:\NewOne\Client\Library\PackageCache\com.unity.textmeshpro@3.0.9)
    com.unity.timeline@1.8.9-t1 (location: D:\NewOne\Client\Library\PackageCache\com.unity.timeline@1.8.9-t1)
    com.unity.visualscripting@1.9.4 (location: D:\NewOne\Client\Library\PackageCache\com.unity.visualscripting@1.9.4)
    com.unity.ide.visualstudio@2.0.22 (location: D:\NewOne\Client\Library\PackageCache\com.unity.ide.visualstudio@2.0.22)
    com.unity.ide.rider@3.0.36 (location: D:\NewOne\Client\Library\PackageCache\com.unity.ide.rider@3.0.36)
    com.unity.ide.vscode@1.2.5 (location: D:\NewOne\Client\Library\PackageCache\com.unity.ide.vscode@1.2.5)
    com.unity.editorcoroutines@1.0.0 (location: D:\NewOne\Client\Library\PackageCache\com.unity.editorcoroutines@1.0.0)
    com.unity.performance.profile-analyzer@1.2.3 (location: D:\NewOne\Client\Library\PackageCache\com.unity.performance.profile-analyzer@1.2.3)
    com.unity.test-framework@1.1.33 (location: D:\NewOne\Client\Library\PackageCache\com.unity.test-framework@1.1.33)
    com.unity.testtools.codecoverage@1.2.6 (location: D:\NewOne\Client\Library\PackageCache\com.unity.testtools.codecoverage@1.2.6)
    com.unity.settings-manager@2.1.0 (location: D:\NewOne\Client\Library\PackageCache\com.unity.settings-manager@2.1.0)
    com.unity.ext.nunit@1.0.6 (location: D:\NewOne\Client\Library\PackageCache\com.unity.ext.nunit@1.0.6)
  Built-in packages:
    com.unity.feature.development@1.0.1 (location: D:\NewOne\Client\Library\PackageCache\com.unity.feature.development@1.0.1)
    com.unity.ugui@1.0.0 (location: D:\NewOne\Client\Library\PackageCache\com.unity.ugui@1.0.0)
    com.unity.modules.ai@1.0.0 (location: D:\NewOne\Client\Library\PackageCache\com.unity.modules.ai@1.0.0)
    com.unity.modules.androidjni@1.0.0 (location: D:\NewOne\Client\Library\PackageCache\com.unity.modules.androidjni@1.0.0)
    com.unity.modules.animation@1.0.0 (location: D:\NewOne\Client\Library\PackageCache\com.unity.modules.animation@1.0.0)
    com.unity.modules.assetbundle@1.0.0 (location: D:\NewOne\Client\Library\PackageCache\com.unity.modules.assetbundle@1.0.0)
    com.unity.modules.audio@1.0.0 (location: D:\NewOne\Client\Library\PackageCache\com.unity.modules.audio@1.0.0)
    com.unity.modules.cloth@1.0.0 (location: D:\NewOne\Client\Library\PackageCache\com.unity.modules.cloth@1.0.0)
    com.unity.modules.director@1.0.0 (location: D:\NewOne\Client\Library\PackageCache\com.unity.modules.director@1.0.0)
    com.unity.modules.imageconversion@1.0.0 (location: D:\NewOne\Client\Library\PackageCache\com.unity.modules.imageconversion@1.0.0)
    com.unity.modules.imgui@1.0.0 (location: D:\NewOne\Client\Library\PackageCache\com.unity.modules.imgui@1.0.0)
    com.unity.modules.infinity@1.0.0 (location: D:\NewOne\Client\Library\PackageCache\com.unity.modules.infinity@1.0.0)
    com.unity.modules.jsonserialize@1.0.0 (location: D:\NewOne\Client\Library\PackageCache\com.unity.modules.jsonserialize@1.0.0)
    com.unity.modules.particlesystem@1.0.0 (location: D:\NewOne\Client\Library\PackageCache\com.unity.modules.particlesystem@1.0.0)
    com.unity.modules.physics@1.0.0 (location: D:\NewOne\Client\Library\PackageCache\com.unity.modules.physics@1.0.0)
    com.unity.modules.physics2d@1.0.0 (location: D:\NewOne\Client\Library\PackageCache\com.unity.modules.physics2d@1.0.0)
    com.unity.modules.screencapture@1.0.0 (location: D:\NewOne\Client\Library\PackageCache\com.unity.modules.screencapture@1.0.0)
    com.unity.modules.terrain@1.0.0 (location: D:\NewOne\Client\Library\PackageCache\com.unity.modules.terrain@1.0.0)
    com.unity.modules.terrainphysics@1.0.0 (location: D:\NewOne\Client\Library\PackageCache\com.unity.modules.terrainphysics@1.0.0)
    com.unity.modules.tilemap@1.0.0 (location: D:\NewOne\Client\Library\PackageCache\com.unity.modules.tilemap@1.0.0)
    com.unity.modules.ui@1.0.0 (location: D:\NewOne\Client\Library\PackageCache\com.unity.modules.ui@1.0.0)
    com.unity.modules.uielements@1.0.0 (location: D:\NewOne\Client\Library\PackageCache\com.unity.modules.uielements@1.0.0)
    com.unity.modules.unityanalytics@1.0.0 (location: D:\NewOne\Client\Library\PackageCache\com.unity.modules.unityanalytics@1.0.0)
    com.unity.modules.unitywebrequest@1.0.0 (location: D:\NewOne\Client\Library\PackageCache\com.unity.modules.unitywebrequest@1.0.0)
    com.unity.modules.unitywebrequestassetbundle@1.0.0 (location: D:\NewOne\Client\Library\PackageCache\com.unity.modules.unitywebrequestassetbundle@1.0.0)
    com.unity.modules.unitywebrequestaudio@1.0.0 (location: D:\NewOne\Client\Library\PackageCache\com.unity.modules.unitywebrequestaudio@1.0.0)
    com.unity.modules.unitywebrequesttexture@1.0.0 (location: D:\NewOne\Client\Library\PackageCache\com.unity.modules.unitywebrequesttexture@1.0.0)
    com.unity.modules.unitywebrequestwww@1.0.0 (location: D:\NewOne\Client\Library\PackageCache\com.unity.modules.unitywebrequestwww@1.0.0)
    com.unity.modules.vehicles@1.0.0 (location: D:\NewOne\Client\Library\PackageCache\com.unity.modules.vehicles@1.0.0)
    com.unity.modules.video@1.0.0 (location: D:\NewOne\Client\Library\PackageCache\com.unity.modules.video@1.0.0)
    com.unity.modules.vr@1.0.0 (location: D:\NewOne\Client\Library\PackageCache\com.unity.modules.vr@1.0.0)
    com.unity.modules.wind@1.0.0 (location: D:\NewOne\Client\Library\PackageCache\com.unity.modules.wind@1.0.0)
    com.unity.modules.xr@1.0.0 (location: D:\NewOne\Client\Library\PackageCache\com.unity.modules.xr@1.0.0)
    com.unity.modules.subsystems@1.0.0 (location: D:\NewOne\Client\Library\PackageCache\com.unity.modules.subsystems@1.0.0)
[Subsystems] No new subsystems found in resolved package list.
Package Manager log level set to [2]
[Package Manager] Done registering packages in 0.07 seconds
[Package Manager] Done resolving packages in 1.02 seconds
[Package Manager] Registered 47 packages:
  Packages from [https://packages.tuanjie.cn]:
    com.unity.collab-proxy@2.12.4 (location: D:\NewOne\Client\Library\PackageCache\com.unity.collab-proxy@2.12.4)
    com.unity.textmeshpro@3.0.9 (location: D:\NewOne\Client\Library\PackageCache\com.unity.textmeshpro@3.0.9)
    com.unity.timeline@1.8.9-t1 (location: D:\NewOne\Client\Library\PackageCache\com.unity.timeline@1.8.9-t1)
    com.unity.visualscripting@1.9.4 (location: D:\NewOne\Client\Library\PackageCache\com.unity.visualscripting@1.9.4)
    com.unity.ide.visualstudio@2.0.22 (location: D:\NewOne\Client\Library\PackageCache\com.unity.ide.visualstudio@2.0.22)
    com.unity.ide.rider@3.0.36 (location: D:\NewOne\Client\Library\PackageCache\com.unity.ide.rider@3.0.36)
    com.unity.ide.vscode@1.2.5 (location: D:\NewOne\Client\Library\PackageCache\com.unity.ide.vscode@1.2.5)
    com.unity.editorcoroutines@1.0.0 (location: D:\NewOne\Client\Library\PackageCache\com.unity.editorcoroutines@1.0.0)
    com.unity.performance.profile-analyzer@1.2.3 (location: D:\NewOne\Client\Library\PackageCache\com.unity.performance.profile-analyzer@1.2.3)
    com.unity.test-framework@1.1.33 (location: D:\NewOne\Client\Library\PackageCache\com.unity.test-framework@1.1.33)
    com.unity.testtools.codecoverage@1.2.6 (location: D:\NewOne\Client\Library\PackageCache\com.unity.testtools.codecoverage@1.2.6)
    com.unity.settings-manager@2.1.0 (location: D:\NewOne\Client\Library\PackageCache\com.unity.settings-manager@2.1.0)
    com.unity.ext.nunit@1.0.6 (location: D:\NewOne\Client\Library\PackageCache\com.unity.ext.nunit@1.0.6)
  Built-in packages:
    com.unity.feature.development@1.0.1 (location: D:\NewOne\Client\Library\PackageCache\com.unity.feature.development@1.0.1)
    com.unity.ugui@1.0.0 (location: D:\NewOne\Client\Library\PackageCache\com.unity.ugui@1.0.0)
    com.unity.modules.ai@1.0.0 (location: D:\NewOne\Client\Library\PackageCache\com.unity.modules.ai@1.0.0)
    com.unity.modules.androidjni@1.0.0 (location: D:\NewOne\Client\Library\PackageCache\com.unity.modules.androidjni@1.0.0)
    com.unity.modules.animation@1.0.0 (location: D:\NewOne\Client\Library\PackageCache\com.unity.modules.animation@1.0.0)
    com.unity.modules.assetbundle@1.0.0 (location: D:\NewOne\Client\Library\PackageCache\com.unity.modules.assetbundle@1.0.0)
    com.unity.modules.audio@1.0.0 (location: D:\NewOne\Client\Library\PackageCache\com.unity.modules.audio@1.0.0)
    com.unity.modules.cloth@1.0.0 (location: D:\NewOne\Client\Library\PackageCache\com.unity.modules.cloth@1.0.0)
    com.unity.modules.director@1.0.0 (location: D:\NewOne\Client\Library\PackageCache\com.unity.modules.director@1.0.0)
    com.unity.modules.imageconversion@1.0.0 (location: D:\NewOne\Client\Library\PackageCache\com.unity.modules.imageconversion@1.0.0)
    com.unity.modules.imgui@1.0.0 (location: D:\NewOne\Client\Library\PackageCache\com.unity.modules.imgui@1.0.0)
    com.unity.modules.infinity@1.0.0 (location: D:\NewOne\Client\Library\PackageCache\com.unity.modules.infinity@1.0.0)
    com.unity.modules.jsonserialize@1.0.0 (location: D:\NewOne\Client\Library\PackageCache\com.unity.modules.jsonserialize@1.0.0)
    com.unity.modules.particlesystem@1.0.0 (location: D:\NewOne\Client\Library\PackageCache\com.unity.modules.particlesystem@1.0.0)
    com.unity.modules.physics@1.0.0 (location: D:\NewOne\Client\Library\PackageCache\com.unity.modules.physics@1.0.0)
    com.unity.modules.physics2d@1.0.0 (location: D:\NewOne\Client\Library\PackageCache\com.unity.modules.physics2d@1.0.0)
    com.unity.modules.screencapture@1.0.0 (location: D:\NewOne\Client\Library\PackageCache\com.unity.modules.screencapture@1.0.0)
    com.unity.modules.terrain@1.0.0 (location: D:\NewOne\Client\Library\PackageCache\com.unity.modules.terrain@1.0.0)
    com.unity.modules.terrainphysics@1.0.0 (location: D:\NewOne\Client\Library\PackageCache\com.unity.modules.terrainphysics@1.0.0)
    com.unity.modules.tilemap@1.0.0 (location: D:\NewOne\Client\Library\PackageCache\com.unity.modules.tilemap@1.0.0)
    com.unity.modules.ui@1.0.0 (location: D:\NewOne\Client\Library\PackageCache\com.unity.modules.ui@1.0.0)
    com.unity.modules.uielements@1.0.0 (location: D:\NewOne\Client\Library\PackageCache\com.unity.modules.uielements@1.0.0)
    com.unity.modules.unityanalytics@1.0.0 (location: D:\NewOne\Client\Library\PackageCache\com.unity.modules.unityanalytics@1.0.0)
    com.unity.modules.unitywebrequest@1.0.0 (location: D:\NewOne\Client\Library\PackageCache\com.unity.modules.unitywebrequest@1.0.0)
    com.unity.modules.unitywebrequestassetbundle@1.0.0 (location: D:\NewOne\Client\Library\PackageCache\com.unity.modules.unitywebrequestassetbundle@1.0.0)
    com.unity.modules.unitywebrequestaudio@1.0.0 (location: D:\NewOne\Client\Library\PackageCache\com.unity.modules.unitywebrequestaudio@1.0.0)
    com.unity.modules.unitywebrequesttexture@1.0.0 (location: D:\NewOne\Client\Library\PackageCache\com.unity.modules.unitywebrequesttexture@1.0.0)
    com.unity.modules.unitywebrequestwww@1.0.0 (location: D:\NewOne\Client\Library\PackageCache\com.unity.modules.unitywebrequestwww@1.0.0)
    com.unity.modules.vehicles@1.0.0 (location: D:\NewOne\Client\Library\PackageCache\com.unity.modules.vehicles@1.0.0)
    com.unity.modules.video@1.0.0 (location: D:\NewOne\Client\Library\PackageCache\com.unity.modules.video@1.0.0)
    com.unity.modules.vr@1.0.0 (location: D:\NewOne\Client\Library\PackageCache\com.unity.modules.vr@1.0.0)
    com.unity.modules.wind@1.0.0 (location: D:\NewOne\Client\Library\PackageCache\com.unity.modules.wind@1.0.0)
    com.unity.modules.xr@1.0.0 (location: D:\NewOne\Client\Library\PackageCache\com.unity.modules.xr@1.0.0)
    com.unity.modules.subsystems@1.0.0 (location: D:\NewOne\Client\Library\PackageCache\com.unity.modules.subsystems@1.0.0)
[Subsystems] No new subsystems found in resolved package list.
[Package Manager] Done registering packages in 0.00 seconds
Refreshing native plugins compatible for Editor in 13.54 ms, found 4 plugins.
Preloading 0 native plugins for Editor in 0.00 ms.
Initialize engine version: 2022.3.62t14 (1f04f7aba499)
THR RenderingThread disabled!
[Subsystems] Discovering subsystems at path C:/Program Files/Tuanjie/Hub/Editor/2022.3.62t14/Editor/Data/Resources/UnitySubsystems
[Subsystems] Discovering subsystems at path D:/NewOne/Client/Assets
GfxDevice: creating device client; threaded=0; jobified=0
CreateRealGfxDevice: 2Direct3D:
    Version:  Direct3D 11.0 [level 11.1]
    Renderer: NVIDIA GeForce RTX 4070 SUPER (ID=0x2783)
    Vendor:   NVIDIA
    VRAM:     11999 MB
    Driver:   32.0.15.6094
[Licensing::Client] Successfully send message: {"AuthorizationCheck":"Yq4yOVhYR1O+lg==","messageType":"EntitlementDetailsRequest","entitlementIds":["com.unity.editor.cluster","com.unity.editor.headless"],"packageEntitlementIds":[],"includeCustomData":false} at 1788865672
[Licensing::Client] Successfully receive message: {"entitlementGroups":[{"entitlementGroupId":"F4-AGDB-QRN4-X3UU-7KXH-P4RQ","entitlementGroupIdHash":"33d25efdcaaa32aa544bad3a9533f164d8bf246e","productName":"Unity Personal","productType":"TuanjieEditor","licenseType":"ULF","expiration":1789128470000,"matchedEntitlements":[{"entitlementId":"com.unity.editor.headless","isPackage":false,"count":1}]}],"responseCode":200,"responseStatus":"Found 1 entitlement groups and 0 free entitlements matching requested entitlement ids","messageType":"EntitlementDetailsResponse","authorizationCheck":"Yq4yOVhYR1O+ltWmpmJY0PEWvKVR"} at 1788865672
[Licensing::Client] Attempt to check time stamp (startTime: 1788865672, endTime: 1788865672)
[Licensing::Client] Successfully resolved entitlement details
Initialize mono
Mono path[0] = 'C:/Program Files/Tuanjie/Hub/Editor/2022.3.62t14/Editor/Data/Managed'
Mono path[1] = 'C:/Program Files/Tuanjie/Hub/Editor/2022.3.62t14/Editor/Data/MonoBleedingEdge/lib/mono/unityjit-win32'
Mono config path = 'C:/Program Files/Tuanjie/Hub/Editor/2022.3.62t14/Editor/Data/MonoBleedingEdge/etc'
Using monoOptions --debugger-agent=transport=dt_socket,embedding=1,server=y,suspend=n,address=0.0.0.0:56160
Using cacheserver namespaces - metadata:defaultmetadata, artifacts:defaultartifacts
Using cacheserver namespaces - metadata:defaultmetadata, artifacts:defaultartifacts
ImportWorker Server TCP listen port: 0
Begin MonoManager ReloadAssembly
Registering precompiled tuanjie dll's ...
Register platform support module: C:/Program Files/Tuanjie/Hub/Editor/2022.3.62t14/Editor/Data/PlaybackEngines/MacStandaloneSupport/UnityEditor.OSXStandalone.Extensions.dll
Register platform support module: C:/Program Files/Tuanjie/Hub/Editor/2022.3.62t14/Editor/Data/PlaybackEngines/AndroidPlayer/UnityEditor.Android.Extensions.dll
Register platform support module: C:/Program Files/Tuanjie/Hub/Editor/2022.3.62t14/Editor/Data/PlaybackEngines/iOSSupport/UnityEditor.iOS.Extensions.dll
Register platform support module: C:/Program Files/Tuanjie/Hub/Editor/2022.3.62t14/Editor/Data/PlaybackEngines/WindowsStandaloneSupport/UnityEditor.WindowsStandalone.Extensions.dll
[Licensing::Client] Successfully send message: {"AuthorizationCheck":"Yq4yOVhYR1O+lg==","messageType":"EntitlementDetailsRequest","entitlementIds":["com.unity.editor.platforms.openharmony","com.unity.editor.headless"],"packageEntitlementIds":[],"includeCustomData":false} at 1788865672
[Licensing::Client] Successfully receive message: {"entitlementGroups":[{"entitlementGroupId":"F4-AGDB-QRN4-X3UU-7KXH-P4RQ","entitlementGroupIdHash":"33d25efdcaaa32aa544bad3a9533f164d8bf246e","productName":"Unity Personal","productType":"TuanjieEditor","licenseType":"ULF","expiration":1789128470000,"matchedEntitlements":[{"entitlementId":"com.unity.editor.platforms.openharmony","isPackage":false,"count":1},{"entitlementId":"com.unity.editor.headless","isPackage":false,"count":1}]}],"responseCode":200,"responseStatus":"Found 1 entitlement groups and 0 free entitlements matching requested entitlement ids","messageType":"EntitlementDetailsResponse","authorizationCheck":"Yq4yOVhYR1O+ltWmpmJY0PEWvKVR"} at 1788865672
[Licensing::Client] Attempt to check time stamp (startTime: 1788865672, endTime: 1788865672)
[Licensing::Client] Successfully resolved entitlement details
Register platform support module: C:/Program Files/Tuanjie/Hub/Editor/2022.3.62t14/Editor/Data/PlaybackEngines/OpenHarmonyPlayer/UnityEditor.OpenHarmony.Extensions.dll
Registered in 0.031966 seconds.
- Loaded All Assemblies, in  0.274 seconds
Native extension for OpenHarmony target not found
Native extension for WindowsStandalone target not found
[usbmuxd] Start listen thread
[usbmuxd] Listen thread started
Native extension for iOS target not found
Native extension for Android target not found
Native extension for OSXStandalone target not found
[Licensing::Client] Successfully send message: {"AuthorizationCheck":"Yq4yOVhYR1O+lg==","messageType":"EntitlementDetailsRequest","entitlementIds":["com.unity.editor.minigame.subplatform.wechat","com.unity.editor.headless"],"packageEntitlementIds":[],"includeCustomData":false} at 1788865672
[Licensing::Client] Successfully receive message: {"entitlementGroups":[{"entitlementGroupId":"F4-AGDB-QRN4-X3UU-7KXH-P4RQ","entitlementGroupIdHash":"33d25efdcaaa32aa544bad3a9533f164d8bf246e","productName":"Unity Personal","productType":"TuanjieEditor","licenseType":"ULF","expiration":1789128470000,"matchedEntitlements":[{"entitlementId":"com.unity.editor.headless","isPackage":false,"count":1},{"entitlementId":"com.unity.editor.minigame.subplatform.wechat","isPackage":false,"count":1}]}],"responseCode":200,"responseStatus":"Found 1 entitlement groups and 0 free entitlements matching requested entitlement ids","messageType":"EntitlementDetailsResponse","authorizationCheck":"Yq4yOVhYR1O+ltWmpmJY0PEWvKVR"} at 1788865672
[Licensing::Client] Attempt to check time stamp (startTime: 1788865672, endTime: 1788865672)
[Licensing::Client] Successfully resolved entitlement details
[Licensing::Client] Successfully send message: {"AuthorizationCheck":"Yq4yOVhYR1O+lg==","messageType":"EntitlementDetailsRequest","entitlementIds":["com.unity.editor.minigame.subplatform.douyin","com.unity.editor.headless"],"packageEntitlementIds":[],"includeCustomData":false} at 1788865672
[Licensing::Client] Successfully receive message: {"entitlementGroups":[{"entitlementGroupId":"F4-AGDB-QRN4-X3UU-7KXH-P4RQ","entitlementGroupIdHash":"33d25efdcaaa32aa544bad3a9533f164d8bf246e","productName":"Unity Personal","productType":"TuanjieEditor","licenseType":"ULF","expiration":1789128470000,"matchedEntitlements":[{"entitlementId":"com.unity.editor.headless","isPackage":false,"count":1},{"entitlementId":"com.unity.editor.minigame.subplatform.douyin","isPackage":false,"count":1}]}],"responseCode":200,"responseStatus":"Found 1 entitlement groups and 0 free entitlements matching requested entitlement ids","messageType":"EntitlementDetailsResponse","authorizationCheck":"Yq4yOVhYR1O+ltWmpmJY0PEWvKVQ"} at 1788865673
[Licensing::Client] Attempt to check time stamp (startTime: 1788865672, endTime: 1788865673)
[Licensing::Client] Successfully resolved entitlement details
[Licensing::Client] Successfully send message: {"AuthorizationCheck":"Yq4yOVhYR1O+lw==","messageType":"EntitlementDetailsRequest","entitlementIds":["com.unity.editor.minigame.subplatform.xiaomi","com.unity.editor.headless"],"packageEntitlementIds":[],"includeCustomData":false} at 1788865673
[Licensing::Client] Successfully receive message: {"entitlementGroups":[{"entitlementGroupId":"F4-AGDB-QRN4-X3UU-7KXH-P4RQ","entitlementGroupIdHash":"33d25efdcaaa32aa544bad3a9533f164d8bf246e","productName":"Unity Personal","productType":"TuanjieEditor","licenseType":"ULF","expiration":1789128470000,"matchedEntitlements":[{"entitlementId":"com.unity.editor.headless","isPackage":false,"count":1},{"entitlementId":"com.unity.editor.minigame.subplatform.xiaomi","isPackage":false,"count":1}]}],"responseCode":200,"responseStatus":"Found 1 entitlement groups and 0 free entitlements matching requested entitlement ids","messageType":"EntitlementDetailsResponse","authorizationCheck":"Yq4yOVhYR1O+l9WmpmJY0HhR9UXA"} at 1788865673
[Licensing::Client] Attempt to check time stamp (startTime: 1788865673, endTime: 1788865673)
[Licensing::Client] Successfully resolved entitlement details
[Licensing::Client] Successfully send message: {"AuthorizationCheck":"Yq4yOVhYR1O+lw==","messageType":"EntitlementDetailsRequest","entitlementIds":["com.unity.editor.minigame.subplatform.kuaishou","com.unity.editor.headless"],"packageEntitlementIds":[],"includeCustomData":false} at 1788865673
[Licensing::Client] Successfully receive message: {"entitlementGroups":[{"entitlementGroupId":"F4-AGDB-QRN4-X3UU-7KXH-P4RQ","entitlementGroupIdHash":"33d25efdcaaa32aa544bad3a9533f164d8bf246e","productName":"Unity Personal","productType":"TuanjieEditor","licenseType":"ULF","expiration":1789128470000,"matchedEntitlements":[{"entitlementId":"com.unity.editor.headless","isPackage":false,"count":1},{"entitlementId":"com.unity.editor.minigame.subplatform.kuaishou","isPackage":false,"count":1}]}],"responseCode":200,"responseStatus":"Found 1 entitlement groups and 0 free entitlements matching requested entitlement ids","messageType":"EntitlementDetailsResponse","authorizationCheck":"Yq4yOVhYR1O+l9WmpmJY0HhR9UXA"} at 1788865673
[Licensing::Client] Attempt to check time stamp (startTime: 1788865673, endTime: 1788865673)
[Licensing::Client] Successfully resolved entitlement details
[Licensing::Client] Successfully send message: {"AuthorizationCheck":"Yq4yOVhYR1O+lw==","messageType":"EntitlementDetailsRequest","entitlementIds":["com.unity.editor.minigame.subplatform.taptap","com.unity.editor.headless"],"packageEntitlementIds":[],"includeCustomData":false} at 1788865673
[Licensing::Client] Successfully receive message: {"entitlementGroups":[{"entitlementGroupId":"F4-AGDB-QRN4-X3UU-7KXH-P4RQ","entitlementGroupIdHash":"33d25efdcaaa32aa544bad3a9533f164d8bf246e","productName":"Unity Personal","productType":"TuanjieEditor","licenseType":"ULF","expiration":1789128470000,"matchedEntitlements":[{"entitlementId":"com.unity.editor.headless","isPackage":false,"count":1},{"entitlementId":"com.unity.editor.minigame.subplatform.taptap","isPackage":false,"count":1}]}],"responseCode":200,"responseStatus":"Found 1 entitlement groups and 0 free entitlements matching requested entitlement ids","messageType":"EntitlementDetailsResponse","authorizationCheck":"Yq4yOVhYR1O+l9WmpmJY0HhR9UXA"} at 1788865673
[Licensing::Client] Attempt to check time stamp (startTime: 1788865673, endTime: 1788865673)
[Licensing::Client] Successfully resolved entitlement details
[Licensing::Client] Successfully send message: {"AuthorizationCheck":"Yq4yOVhYR1O+lw==","messageType":"EntitlementDetailsRequest","entitlementIds":["com.unity.editor.minigame.subplatform.metaapp233","com.unity.editor.headless"],"packageEntitlementIds":[],"includeCustomData":false} at 1788865673
[Licensing::Client] Successfully receive message: {"entitlementGroups":[{"entitlementGroupId":"F4-AGDB-QRN4-X3UU-7KXH-P4RQ","entitlementGroupIdHash":"33d25efdcaaa32aa544bad3a9533f164d8bf246e","productName":"Unity Personal","productType":"TuanjieEditor","licenseType":"ULF","expiration":1789128470000,"matchedEntitlements":[{"entitlementId":"com.unity.editor.headless","isPackage":false,"count":1},{"entitlementId":"com.unity.editor.minigame.subplatform.metaapp233","isPackage":false,"count":1}]}],"responseCode":200,"responseStatus":"Found 1 entitlement groups and 0 free entitlements matching requested entitlement ids","messageType":"EntitlementDetailsResponse","authorizationCheck":"Yq4yOVhYR1O+l9WmpmJY0HhR9UXA"} at 1788865673
[Licensing::Client] Attempt to check time stamp (startTime: 1788865673, endTime: 1788865673)
[Licensing::Client] Successfully resolved entitlement details
[Licensing::Client] Successfully send message: {"AuthorizationCheck":"Yq4yOVhYR1O+lw==","messageType":"EntitlementDetailsRequest","entitlementIds":["com.unity.editor.minigame.subplatform.minihost","com.unity.editor.headless"],"packageEntitlementIds":[],"includeCustomData":false} at 1788865673
[Licensing::Client] Successfully receive message: {"entitlementGroups":[{"entitlementGroupId":"F4-AGDB-QRN4-X3UU-7KXH-P4RQ","entitlementGroupIdHash":"33d25efdcaaa32aa544bad3a9533f164d8bf246e","productName":"Unity Personal","productType":"TuanjieEditor","licenseType":"ULF","expiration":1789128470000,"matchedEntitlements":[{"entitlementId":"com.unity.editor.headless","isPackage":false,"count":1},{"entitlementId":"com.unity.editor.minigame.subplatform.minihost","isPackage":false,"count":1}]}],"responseCode":200,"responseStatus":"Found 1 entitlement groups and 0 free entitlements matching requested entitlement ids","messageType":"EntitlementDetailsResponse","authorizationCheck":"Yq4yOVhYR1O+l9WmpmJY0HhR9UXA"} at 1788865673
[Licensing::Client] Attempt to check time stamp (startTime: 1788865673, endTime: 1788865673)
[Licensing::Client] Successfully resolved entitlement details
Mono: successfully reloaded assembly
- Finished resetting the current domain, in  0.314 seconds
Domain Reload Profiling: 585ms
	BeginReloadAssembly (74ms)
		ExecutionOrderSort (0ms)
		DisableScriptedObjects (0ms)
		BackupInstance (0ms)
		ReleaseScriptingObjects (0ms)
		CreateAndSetChildDomain (0ms)
	RebuildCommonClasses (21ms)
	RebuildNativeTypeToScriptingClass (8ms)
	initialDomainReloadingComplete (69ms)
	LoadAllAssembliesAndSetupDomain (99ms)
		LoadAssemblies (72ms)
		RebuildTransferFunctionScriptingTraits (0ms)
		AnalyzeDomain (96ms)
			TypeCache.Refresh (94ms)
				TypeCache.ScanAssembly (84ms)
			ScanForSourceGeneratedMonoScriptInfo (0ms)
			ResolveRequiredComponents (0ms)
	FinalizeReload (314ms)
		ReleaseScriptCaches (0ms)
		RebuildScriptCaches (0ms)
		SetupLoadedEditorAssemblies (281ms)
			LogAssemblyErrors (0ms)
			InitializePlatformSupportModulesInManaged (59ms)
			SetLoadedEditorAssemblies (3ms)
			RefreshPlugins (0ms)
			BeforeProcessingInitializeOnLoad (1ms)
			ProcessInitializeOnLoadAttributes (205ms)
			ProcessInitializeOnLoadMethodAttributes (13ms)
			AfterProcessingInitializeOnLoad (0ms)
			EditorAssembliesLoaded (0ms)
		ExecutionOrderSort2 (0ms)
		AwakeInstancesAfterBackupRestoration (0ms)
Application.AssetDatabase Initial Refresh Start
[ScriptCompilation] Requested script compilation because: Assetdatabase observed changes in script compilation related files
info: Microsoft.Hosting.Lifetime[14]
      Now listening on: http://localhost:80
info: Microsoft.Hosting.Lifetime[0]
      Application started. Press Ctrl+C to shut down.
info: Microsoft.Hosting.Lifetime[0]
      Hosting environment: Production
info: Microsoft.Hosting.Lifetime[0]
      Content root path: D:\NewOne\Client\
info: Microsoft.AspNetCore.Hosting.Diagnostics[1]
      Request starting HTTP/2 POST http://ilpp/UnityILPP.PostProcessing/Ping application/grpc -
info: Microsoft.AspNetCore.Routing.EndpointMiddleware[0]
      Executing endpoint 'gRPC - /UnityILPP.PostProcessing/Ping'
info: Microsoft.AspNetCore.Routing.EndpointMiddleware[1]
      Executed endpoint 'gRPC - /UnityILPP.PostProcessing/Ping'
info: Microsoft.AspNetCore.Hosting.Diagnostics[2]
      Request finished HTTP/2 POST http://ilpp/UnityILPP.PostProcessing/Ping application/grpc - - 200 - application/grpc 27.2405ms
Starting: C:\Program Files\Tuanjie\Hub\Editor\2022.3.62t14\Editor\Data\bee_backend.exe --dont-print-to-structured-log --ipc --defer-dag-verification --dagfile="Library/Bee/1900b0aE.dag" --continue-on-failure --profile="Library/Bee/backend1.traceevents" ScriptAssemblies
WorkingDir: D:/NewOne/Client
DisplayProgressbar: Compiling Scripts
ExitCode: 0 Duration: 0s300ms
[394/397    0s] Csc Library/Bee/artifacts/1900b0aE.dag/Assembly-CSharp-Editor.dll (+2 others)
[395/397    0s] CopyFiles Library/ScriptAssemblies/Assembly-CSharp-Editor.pdb
[396/397    0s] CopyFiles Library/ScriptAssemblies/Assembly-CSharp-Editor.dll
*** Tundra build success (0.27 seconds), 3 items updated, 397 evaluated
AssetDatabase: script compilation time: 0.657930s
Begin MonoManager ReloadAssembly
Total cache size 37457012
Total cache size after purge 37457012
- Loaded All Assemblies, in  0.441 seconds
Refreshing native plugins compatible for Editor in 6.29 ms, found 4 plugins.
Preloading 0 native plugins for Editor in 0.00 ms.
Start importing Assets/Editor/Stage2SceneSetup.cs using Guid(5bcea001dd017bc4893c7910fb50cf6f) Importer(Primary)  -> (artifact id: 'f5a1c26348eabdac812047962fb2e8d6') in 0.010641 seconds
Refreshing native plugins compatible for Editor in 7.74 ms, found 4 plugins.
Native extension for OpenHarmony target not found
Native extension for WindowsStandalone target not found
Native extension for iOS target not found
Native extension for Android target not found
Native extension for OSXStandalone target not found
Mono: successfully reloaded assembly
- Finished resetting the current domain, in  0.381 seconds
Domain Reload Profiling: 816ms
	BeginReloadAssembly (102ms)
		ExecutionOrderSort (0ms)
		DisableScriptedObjects (3ms)
		BackupInstance (0ms)
		ReleaseScriptingObjects (0ms)
		CreateAndSetChildDomain (15ms)
	RebuildCommonClasses (22ms)
	RebuildNativeTypeToScriptingClass (7ms)
	initialDomainReloadingComplete (26ms)
	LoadAllAssembliesAndSetupDomain (278ms)
		LoadAssemblies (224ms)
		RebuildTransferFunctionScriptingTraits (0ms)
		AnalyzeDomain (113ms)
			TypeCache.Refresh (100ms)
				TypeCache.ScanAssembly (90ms)
			ScanForSourceGeneratedMonoScriptInfo (9ms)
			ResolveRequiredComponents (3ms)
	FinalizeReload (382ms)
		ReleaseScriptCaches (0ms)
		RebuildScriptCaches (0ms)
		SetupLoadedEditorAssemblies (297ms)
			LogAssemblyErrors (0ms)
			InitializePlatformSupportModulesInManaged (31ms)
			SetLoadedEditorAssemblies (3ms)
			RefreshPlugins (0ms)
			BeforeProcessingInitializeOnLoad (40ms)
			ProcessInitializeOnLoadAttributes (201ms)
			ProcessInitializeOnLoadMethodAttributes (12ms)
			AfterProcessingInitializeOnLoad (11ms)
			EditorAssembliesLoaded (0ms)
		ExecutionOrderSort2 (0ms)
		AwakeInstancesAfterBackupRestoration (5ms)
Refreshing native plugins compatible for Editor in 8.30 ms, found 4 plugins.
Preloading 0 native plugins for Editor in 0.00 ms.
Asset Pipeline Refresh (id=eec222daac45f3946aeb1ef7d43dce37): Total: 2.533 seconds - Initiated by InitialRefreshV2(ForceSynchronousImport)
	Summary:
		Imports: total=1 (actual=1, local cache=0, cache server=0)
		Asset DB Process Time: managed=2 ms, native=921 ms
		Asset DB Callback time: managed=30 ms, native=15 ms
		Scripting: domain reloads=1, domain reload time=874 ms, compile time=659 ms, other=28 ms
		Project Asset Count: scripts=4266, non-scripts=706
		Asset File Changes: new=0, changed=1, moved=0, deleted=1
		Scan Filter Count: 0
		OnDemandAssets Count:0
	InvokeBeforeRefreshCallbacks: 1.143ms
	ApplyChangesToAssetFolders: 0.038ms
	Scan: 72.188ms
	OnSourceAssetsModified: 1.656ms
	UnregisterDeletedAssets: 0.003ms
	GetAllGuidsForCategorization: 0.357ms
	CategorizeAssets: 37.086ms
	ImportOutOfDateAssets: 424.589ms (-260.884ms without children)
		ImportManagerImport: 14.097ms (3.252ms without children)
			ImportInProcess: 10.831ms
			UpdateCategorizedAssets: 0.015ms
		CompileScripts: 659.264ms
		ReloadNativeAssets: 0.001ms
		UnloadImportedAssets: 10.228ms
		ReloadImportedAssets: 0.325ms
		EnsureUptoDateAssetsAreRegisteredWithGuidPM: 0.816ms
		InitializingProgressBar: 0.000ms
		PostProcessAllAssetNotificationsAddChangedAssets: 0.001ms
		OnDemandSchedulerStart: 0.741ms
	PostProcessAllAssets: 34.194ms
	Hotreload: 9.268ms
	GatherAllCurrentPrimaryArtifactRevisions: 0.000ms
	UnloadStreamsBegin: 0.163ms
	PersistCurrentRevisions: 0.170ms
	UnloadStreamsEnd: 0.027ms
	GenerateScriptTypeHashes: 0.369ms
	Untracked: 1951.746ms
Application.AssetDatabase Initial Refresh End
Launched and connected shader compiler TuanjieShaderCompiler.exe after 0.04 seconds
Scanning for USB devices : 2.784ms
Initializing Tuanjie extensions:
Start importing Library/Resources using Guid(8ed9fb0c346f4114bb4500f5c195366c) Importer(Primary)  -> (artifact id: 'ad5e38cc20fbcb0da4b7264dc017c64f') in 0.001430 seconds
Refreshing native plugins compatible for Editor in 6.90 ms, found 4 plugins.
Preloading 0 native plugins for Editor in 0.00 ms.
Asset Pipeline Refresh (id=d76d23f8373296744b4ac135176166c8): Total: 0.034 seconds - Initiated by StopAssetImportingV2(NoUpdateAssetOptions)
[Licensing::Client] Successfully send message: {"AuthorizationCheck":"Eneo7TBXml+2fA==","messageType":"ProductNameRequest","Value":"com.RuneDice.Rune-Dice"} at 1788865676
[Licensing::Client] Successfully receive message: {"responseCode":200,"messageType":"ProductNameResponse"} at 1788865676
[Licensing::Client] Error: ProductNameResponse could not be deserialized
[MODES] ModeService[none].Initialize
[MODES] ModeService[none].LoadModes
[MODES] Loading mode Default (0) for mode-current-id-Rune Dice
Unloading 2 Unused Serialized files (Serialized files now loaded: 0)
Unloading 60 unused Assets / (0.5 MB). Loaded Objects now: 4092.
Memory consumption went from 116.7 MB to 116.2 MB.
Total: 2.424500 ms (FindLiveObjects: 0.132600 ms CreateObjectMapping: 0.053000 ms MarkObjects: 1.993400 ms  DeleteObjects: 0.244300 ms)

Opening scene 'Assets/Game/Scenes/RuneDiceDemo.unity'
Unloading 3 Unused Serialized files (Serialized files now loaded: 0)
Loaded scene 'Assets/Game/Scenes/RuneDiceDemo.unity'
	Deserialize:            11.823 ms
	Integration:            15.180 ms
	Integration of assets:  1.612 ms
	Thread Wait Time:       0.008 ms
	Total Operation Time:   28.624 ms
Unloading 2 unused Assets / (1.0 KB). Loaded Objects now: 4266.
Memory consumption went from 115.5 MB to 115.5 MB.
Total: 2.351100 ms (FindLiveObjects: 0.137500 ms CreateObjectMapping: 0.053000 ms MarkObjects: 2.007800 ms  DeleteObjects: 0.151400 ms)

Start importing Assets/Game/Scenes/RuneDiceDemo.unity using Guid(03104de883fa39146bd01c507da4a870) Importer(Primary)  -> (artifact id: '42cea66bc70561618132a79b9b31eed3') in 0.001027 seconds
Refreshing native plugins compatible for Editor in 8.30 ms, found 4 plugins.
Preloading 0 native plugins for Editor in 0.00 ms.
Asset Pipeline Refresh (id=c5f3125853760a94a8aec75adfb75615): Total: 0.031 seconds - Initiated by StopAssetImportingV2(NoUpdateAssetOptions)
Stage2SceneSetup completed: HUD and reward controls bound.
UnityEngine.StackTraceUtility:ExtractStackTrace ()
UnityEngine.DebugLogHandler:LogFormat (UnityEngine.LogType,UnityEngine.Object,string,object[])
UnityEngine.Logger:Log (UnityEngine.LogType,object)
UnityEngine.Debug:Log (object)
Stage2SceneSetup:Apply () (at Assets/Editor/Stage2SceneSetup.cs:52)

(Filename: Assets/Editor/Stage2SceneSetup.cs Line: 52)

Batchmode quit successfully invoked - shutting down!
Input System module state changed to: ShutdownInProgress.
Input System polling thread exited.
Input System module state changed to: Shutdown.
[Licensing::IpcConnector] License Notification channel disconnected successfully.
[Licensing::IpcConnector] License Client channel disconnected successfully.
Shutting down server...
Cleanup mono
plugin_module success
g_query_callback success 
g_get_assembly_csharp load success 
abort_threads: Failed aborting id: 000000000001119C, mono_thread_manage will ignore it

abort_threads: Failed aborting id: 0000000000010A0C, mono_thread_manage will ignore it

abort_threads: Failed aborting id: 000000000001119C, mono_thread_manage will ignore it

abort_threads: Failed aborting id: 0000000000010A0C, mono_thread_manage will ignore it

[usbmuxd] Stop listen thread
[usbmuxd] Listen thread exiting
[Performance] WinEditorMain                                                                                                   :        1 samples, Peak.  2.09 s (1.0x), Avg.  2.09 s, Total. 2.087 s (19.9%)
[Performance] WinEditorMain.ConfigureCrashHandler                                                                             :        1 samples, Peak.  21.5 us (1.0x), Avg.  21.5 us, Total. 21.50 us (0.0%)
[Performance] WinEditorMain.CurlRequestInitialize                                                                             :        1 samples, Peak.   400 us (1.0x), Avg.   400 us, Total. 399.9 us (0.0%)
[Performance] WinEditorMain.SetupLogFile                                                                                      :        1 samples, Peak.   517 us (1.0x), Avg.   517 us, Total. 516.6 us (0.0%)
[Performance] WinEditorMain.RunNativeTestsIfRequiredAndExit                                                                   :        1 samples, Peak.   100 ns (1.0x), Avg.   100 ns, Total. 100.0 ns (0.0%)
[Performance] WinEditorMain.Licensing                                                                                         :        1 samples, Peak.  2.05 s (1.0x), Avg.  2.05 s, Total. 2.051 s (19.5%)
[Performance] WinEditorMain.InitializeCrashHandler                                                                            :        1 samples, Peak.  33.0 ms (1.0x), Avg.  33.0 ms, Total. 32.99 ms (0.3%)
[Performance] WinEditorMain.CreateApplication                                                                                 :        1 samples, Peak.  83.0 us (1.0x), Avg.  83.0 us, Total. 83.00 us (0.0%)
[Performance] Application.InitializeProject                                                                                   :        1 samples, Peak.  6.04 s (1.0x), Avg.  6.04 s, Total. 6.039 s (57.5%)
[Performance] Application.PackageManager.StartServer                                                                          :        1 samples, Peak.  16.5 ms (1.0x), Avg.  16.5 ms, Total. 16.46 ms (0.2%)
[Performance] Application.AcquireProjectLock                                                                                  :        1 samples, Peak.  5.32 ms (1.0x), Avg.  5.32 ms, Total. 5.322 ms (0.1%)
[Performance] Application.InitializeEngineNoGraphics                                                                          :        1 samples, Peak.   403 ms (1.0x), Avg.   403 ms, Total. 403.3 ms (3.8%)
[Performance] Application.PackageManager.Initialize                                                                           :        1 samples, Peak.  95.8 us (1.0x), Avg.  95.8 us, Total. 95.80 us (0.0%)
[Performance] Connecting to Package Manager                                                                                   :        1 samples, Peak.  47.2 us (1.0x), Avg.  47.2 us, Total. 47.20 us (0.0%)
[Performance] PackageManager::Api::RunRequestSynchronously                                                                    :       18 samples, Peak.  14.9 us (3.6x), Avg.  4.15 us, Total. 74.70 us (0.0%)
[Performance] Application.EngineGraphics.Initialize                                                                           :        1 samples, Peak.   160 ms (1.0x), Avg.   160 ms, Total. 160.1 ms (1.5%)
[Performance] Application.GI.Initialize                                                                                       :        1 samples, Peak.  2.84 ms (1.0x), Avg.  2.84 ms, Total. 2.842 ms (0.0%)
[Performance] Application.LoadAllDefaultResourcesFromEditor                                                                   :        1 samples, Peak.  1.39 ms (1.0x), Avg.  1.39 ms, Total. 1.389 ms (0.0%)
[Performance] Application.LoadMonoAssemblies                                                                                  :        1 samples, Peak.   603 ms (1.0x), Avg.   603 ms, Total. 602.6 ms (5.7%)
[Performance] RestoreManagedReferences                                                                                        :        2 samples, Peak.  29.1 ms (2.0x), Avg.  14.6 ms, Total. 29.14 ms (0.3%)
[Performance] InitializeOnLoad ProfilerConnectionPopupWindow                                                                  :        2 samples, Peak.   146 us (1.1x), Avg.   132 us, Total. 264.5 us (0.0%)
[Performance] InitializeOnLoad PlayableAdsHtmlChannelManager                                                                  :        2 samples, Peak.   478 us (1.1x), Avg.   434 us, Total. 868.7 us (0.0%)
[Performance] InitializeOnLoad ManagedDebuggerWindow                                                                          :        2 samples, Peak.   430 us (1.0x), Avg.   410 us, Total. 820.6 us (0.0%)
[Performance] InitializeOnLoad WindowLayout                                                                                   :        2 samples, Peak.   146 us (1.1x), Avg.   139 us, Total. 277.2 us (0.0%)
[Performance] InitializeOnLoad NativeFormatImporterUtility                                                                    :        2 samples, Peak.  1.51 ms (1.2x), Avg.  1.29 ms, Total. 2.573 ms (0.0%)
[Performance] InitializeOnLoad SceneSearch                                                                                    :        2 samples, Peak.  54.9 us (1.3x), Avg.  41.4 us, Total. 82.80 us (0.0%)
[Performance] InitializeOnLoad AddComponentWindow                                                                             :        2 samples, Peak.  67.1 us (1.1x), Avg.  61.9 us, Total. 123.7 us (0.0%)
[Performance] InitializeOnLoad MenuItems                                                                                      :        2 samples, Peak.  44.2 us (1.0x), Avg.  43.5 us, Total. 86.90 us (0.0%)
[Performance] InitializeOnLoad BuildProfileHelperManager                                                                      :        2 samples, Peak.   137 ms (1.9x), Avg.  71.6 ms, Total. 143.1 ms (1.4%)
[Performance] InitializeOnLoad ProjectSearch                                                                                  :        2 samples, Peak.  57.9 us (1.1x), Avg.  52.8 us, Total. 105.5 us (0.0%)
[Performance] InitializeOnLoad TuanjiePathAndNameFix                                                                          :        2 samples, Peak.   159 us (1.1x), Avg.   139 us, Total. 277.7 us (0.0%)
[Performance] InitializeOnLoad PoolManager                                                                                    :        2 samples, Peak.  33.8 us (1.0x), Avg.  32.5 us, Total. 65.00 us (0.0%)
[Performance] InitializeOnLoad EditMode                                                                                       :        2 samples, Peak.   291 us (1.1x), Avg.   263 us, Total. 526.5 us (0.0%)
[Performance] InitializeOnLoad UnityConnect                                                                                   :        2 samples, Peak.   700 ns (1.4x), Avg.   500 ns, Total. 1.000 us (0.0%)
[Performance] InitializeOnLoad SceneViewCullingDebugSettings                                                                  :        2 samples, Peak.  1.98 ms (1.1x), Avg.  1.76 ms, Total. 3.526 ms (0.0%)
[Performance] InitializeOnLoad PlayModeDownload                                                                               :        2 samples, Peak.   653 us (1.8x), Avg.   363 us, Total. 725.7 us (0.0%)
[Performance] InitializeOnLoad ObjectSelectorSearch                                                                           :        2 samples, Peak.  51.6 us (1.3x), Avg.  40.9 us, Total. 81.80 us (0.0%)
[Performance] InitializeOnLoad UISystemProfilerRenderService                                                                  :        2 samples, Peak.  5.60 us (1.1x), Avg.  5.30 us, Total. 10.60 us (0.0%)
[Performance] InitializeOnLoad AssetStoreContext                                                                              :        2 samples, Peak.  14.8 ms (1.6x), Avg.  9.47 ms, Total. 18.95 ms (0.2%)
[Performance] InitializeOnLoad DrivenRectTransformUndo                                                                        :        2 samples, Peak.   169 us (1.1x), Avg.   158 us, Total. 315.7 us (0.0%)
[Performance] InitializeOnLoad PrefabInstanceChangedListener                                                                  :        2 samples, Peak.  79.8 us (1.0x), Avg.  78.5 us, Total. 157.0 us (0.0%)
[Performance] InitializeOnLoad ManagedDebugger                                                                                :        2 samples, Peak.   400 ns (1.0x), Avg.   400 ns, Total. 800.0 ns (0.0%)
[Performance] InitializeOnLoad CacheServerWindow                                                                              :        2 samples, Peak.  11.7 us (1.4x), Avg.  8.65 us, Total. 17.30 us (0.0%)
[Performance] InitializeOnLoad ShortcutIntegration                                                                            :        2 samples, Peak.  34.7 us (1.0x), Avg.  34.3 us, Total. 68.60 us (0.0%)
[Performance] InitializeOnLoad CloudBuild                                                                                     :        2 samples, Peak.  2.70 us (1.3x), Avg.  2.15 us, Total. 4.300 us (0.0%)
[Performance] InitializeOnLoad MixerEffectDefinitionReloader                                                                  :        2 samples, Peak.  1.25 ms (1.1x), Avg.  1.13 ms, Total. 2.267 ms (0.0%)
[Performance] InitializeOnLoad SettingsService                                                                                :        2 samples, Peak.  12.1 us (1.4x), Avg.  8.70 us, Total. 17.40 us (0.0%)
[Performance] InitializeOnLoad SearchService                                                                                  :        2 samples, Peak.   107 us (1.1x), Avg.  95.5 us, Total. 191.0 us (0.0%)
[Performance] InitializeOnLoad EditorMonitor                                                                                  :        2 samples, Peak.   431 us (1.2x), Avg.   360 us, Total. 721.0 us (0.0%)
[Performance] InitializeOnLoad RetainedMode                                                                                   :        2 samples, Peak.  1.32 ms (1.1x), Avg.  1.24 ms, Total. 2.486 ms (0.0%)
[Performance] InitializeOnLoad EditorShaderLoader                                                                             :        2 samples, Peak.   420 us (1.0x), Avg.   412 us, Total. 823.7 us (0.0%)
[Performance] InitializeOnLoad EditorDelegateRegistration                                                                     :        2 samples, Peak.   326 us (1.0x), Avg.   311 us, Total. 622.3 us (0.0%)
[Performance] InitializeOnLoad UIDocumentHierarchyWatcher                                                                     :        2 samples, Peak.  46.6 us (1.0x), Avg.  45.8 us, Total. 91.70 us (0.0%)
[Performance] InitializeOnLoad LiveReloadTrackerCreator                                                                       :        2 samples, Peak.   114 us (1.2x), Avg.  97.0 us, Total. 194.1 us (0.0%)
[Performance] InitializeOnLoad UxmlObjectEditorFactories                                                                      :        2 samples, Peak.   359 us (1.1x), Avg.   315 us, Total. 630.6 us (0.0%)
[Performance] InitializeOnLoad UXMLEditorFactories                                                                            :        2 samples, Peak.  35.2 ms (1.0x), Avg.  33.7 ms, Total. 67.46 ms (0.6%)
[Performance] InitializeOnLoad PurchasingService                                                                              :        2 samples, Peak.  4.93 ms (1.1x), Avg.  4.57 ms, Total. 9.130 ms (0.1%)
[Performance] InitializeOnLoad CloudBuildPoller                                                                               :        2 samples, Peak.  75.1 us (1.1x), Avg.  68.3 us, Total. 136.6 us (0.0%)
[Performance] InitializeOnLoad EditorGameServicesAnalytics                                                                    :        2 samples, Peak.  1.06 ms (1.4x), Avg.   764 us, Total. 1.529 ms (0.0%)
[Performance] InitializeOnLoad AnalyticsService                                                                               :        2 samples, Peak.   113 us (1.0x), Avg.   110 us, Total. 220.0 us (0.0%)
[Performance] InitializeOnLoad BuildService                                                                                   :        2 samples, Peak.  82.5 us (1.0x), Avg.  81.3 us, Total. 162.6 us (0.0%)
[Performance] InitializeOnLoad AdsService                                                                                     :        2 samples, Peak.   239 us (1.0x), Avg.   231 us, Total. 461.6 us (0.0%)
[Performance] InitializeOnLoad UDPService                                                                                     :        2 samples, Peak.   112 us (1.1x), Avg.  99.7 us, Total. 199.5 us (0.0%)
[Performance] InitializeOnLoad CrashService                                                                                   :        2 samples, Peak.  80.6 us (1.0x), Avg.  79.6 us, Total. 159.1 us (0.0%)
[Performance] InitializeOnLoad ServicesRepository                                                                             :        2 samples, Peak.   300 ns (1.2x), Avg.   250 ns, Total. 500.0 ns (0.0%)
[Performance] InitializeOnLoad SearchWindow                                                                                   :        2 samples, Peak.  87.3 us (1.1x), Avg.  78.0 us, Total. 156.0 us (0.0%)
[Performance] InitializeOnLoad CustomIndexers                                                                                 :        2 samples, Peak.  10.8 ms (1.1x), Avg.  9.98 ms, Total. 19.96 ms (0.2%)
[Performance] InitializeOnLoad SearchMonitor                                                                                  :        2 samples, Peak.   604 us (1.1x), Avg.   546 us, Total. 1.092 ms (0.0%)
[Performance] InitializeOnLoad ParameterControllerEditor                                                                      :        2 samples, Peak.  14.3 us (1.1x), Avg.  13.5 us, Total. 27.00 us (0.0%)
[Performance] InitializeOnLoad LayerSettingsWindow                                                                            :        2 samples, Peak.  20.4 us (1.8x), Avg.  11.4 us, Total. 22.90 us (0.0%)
[Performance] InitializeOnLoad PackageManagerHookGUIDConverter.RegisterPackagesEventHandler                                   :        2 samples, Peak.   532 us (1.6x), Avg.   330 us, Total. 660.6 us (0.0%)
[Performance] InitializeOnLoad EditorDragAndDrop.RegisterEditorClient                                                         :        2 samples, Peak.   171 us (1.2x), Avg.   143 us, Total. 286.7 us (0.0%)
[Performance] InitializeOnLoad EditorEventCallbacks.InitializeFontAssetResourceChangeCallBacks                                :        2 samples, Peak.   675 us (1.0x), Avg.   671 us, Total. 1.342 ms (0.0%)
[Performance] InitializeOnLoad SceneTemplateService.Init                                                                      :        2 samples, Peak.   918 us (1.2x), Avg.   789 us, Total. 1.577 ms (0.0%)
[Performance] InitializeOnLoad DiagnosticSwitchesConsoleMessage.Init                                                          :        2 samples, Peak.  4.24 ms (1.7x), Avg.  2.50 ms, Total. 5.001 ms (0.0%)
[Performance] InitializeOnLoad SceneVisibilityManager.Initialize                                                              :        2 samples, Peak.  3.69 ms (1.7x), Avg.  2.18 ms, Total. 4.357 ms (0.0%)
[Performance] InitializeOnLoad MemoryProfilerCompilationGuard.InjectCompileGuard                                              :        2 samples, Peak.   120 us (1.1x), Avg.   107 us, Total. 213.6 us (0.0%)
[Performance] InitializeOnLoad SysrootManager.Initialize                                                                      :        2 samples, Peak.   615 us (1.3x), Avg.   472 us, Total. 944.1 us (0.0%)
[Performance] InitializeOnLoad PackageManagerWindow.EditorInitializedInSafeMode                                               :        2 samples, Peak.   128 us (1.6x), Avg.  80.2 us, Total. 160.4 us (0.0%)
[Performance] InitializeOnLoad EditorWindow.Initialize                                                                        :        2 samples, Peak.   168 us (1.1x), Avg.   150 us, Total. 300.5 us (0.0%)
[Performance] InitializeOnLoad ToolShortcutContext.Init                                                                       :        2 samples, Peak.  69.7 us (1.0x), Avg.  68.0 us, Total. 135.9 us (0.0%)
[Performance] InitializeOnLoad ScopedRegistryAddedPopup.SubscribeToRegistriesAdded                                            :        2 samples, Peak.   142 us (1.5x), Avg.  95.9 us, Total. 191.8 us (0.0%)
[Performance] InitializeOnLoad AssetPostprocessingInternal.RefreshCustomDependencies                                          :        2 samples, Peak.  1.58 ms (1.3x), Avg.  1.19 ms, Total. 2.386 ms (0.0%)
[Performance] AssemblyReloadEvents.afterAssemblyReload: UnityEditor.PackageManager.TuanjiePathAndNameFix.FixTuanjieNameOrPath :        2 samples, Peak.  2.54 ms (1.3x), Avg.  1.93 ms, Total. 3.856 ms (0.0%)
[Performance] AssemblyReloadEvents.afterAssemblyReload: UnityEditor.SceneTemplate.SceneTemplateService.AfterAssemblyReload    :        2 samples, Peak.  2.43 ms (1.9x), Avg.  1.31 ms, Total. 2.611 ms (0.0%)
[Performance] ProcessService.EditorAfterLoadAllAssemblies                                                                     :        2 samples, Peak.   236 us (1.2x), Avg.   201 us, Total. 401.1 us (0.0%)
[Performance] Application.ReadLicenseInfo                                                                                     :        1 samples, Peak.   165 us (1.0x), Avg.   165 us, Total. 165.5 us (0.0%)
[Performance] Application.InitialRefresh                                                                                      :        1 samples, Peak.  2.54 s (1.0x), Avg.  2.54 s, Total. 2.536 s (24.1%)
[Performance] ShaderImporter.SourceAssetModified                                                                              :        4 samples, Peak.   600 ns (1.1x), Avg.   550 ns, Total. 2.200 us (0.0%)
[Performance] ShaderIncludeImporter.SourceAssetModified                                                                       :        4 samples, Peak.   800 ns (1.2x), Avg.   650 ns, Total. 2.600 us (0.0%)
[Performance] Compiling Scripts                                                                                               :        1 samples, Peak.   658 ms (1.0x), Avg.   658 ms, Total. 658.0 ms (6.3%)
[Performance] AssemblyReloadEvents.beforeAssemblyReload: UnityEditor.SceneTemplate.SceneTemplateService.BeforeAssemblyReload  :        1 samples, Peak.   279 us (1.0x), Avg.   279 us, Total. 279.4 us (0.0%)
[Performance] PresetManagerPostProcessor.OnPreprocessAsset                                                                    :        3 samples, Peak.   832 us (2.2x), Avg.   382 us, Total. 1.146 ms (0.0%)
[Performance] CancelSplashScreenOnAssetChange.OnPreprocessAsset                                                               :        3 samples, Peak.  85.0 us (2.8x), Avg.  30.5 us, Total. 91.60 us (0.0%)
[Performance] InitializeOnLoad PackageEntryPoint                                                                              :        1 samples, Peak.  41.5 ms (1.0x), Avg.  41.5 ms, Total. 41.50 ms (0.4%)
[Performance] InitializeOnLoad UnityInternalsInjector                                                                         :        1 samples, Peak.   763 us (1.0x), Avg.   763 us, Total. 763.1 us (0.0%)
[Performance] InitializeOnLoad UVCSToolbarBoostrap                                                                            :        1 samples, Peak.  32.9 ms (1.0x), Avg.  32.9 ms, Total. 32.90 ms (0.3%)
[Performance] InitializeOnLoad VSUsageUtility                                                                                 :        1 samples, Peak.  15.1 ms (1.0x), Avg.  15.1 ms, Total. 15.12 ms (0.1%)
[Performance] InitializeOnLoad BackgroundWatcher                                                                              :        1 samples, Peak.   109 us (1.0x), Avg.   109 us, Total. 108.7 us (0.0%)
[Performance] InitializeOnLoad RerunCallbackInitializer                                                                       :        1 samples, Peak.  3.23 ms (1.0x), Avg.  3.23 ms, Total. 3.226 ms (0.0%)
[Performance] InitializeOnLoad TestStarter                                                                                    :        1 samples, Peak.   430 us (1.0x), Avg.   430 us, Total. 430.3 us (0.0%)
[Performance] InitializeOnLoad UnityTestProtocolStarter                                                                       :        1 samples, Peak.  72.8 us (1.0x), Avg.  72.8 us, Total. 72.80 us (0.0%)
[Performance] InitializeOnLoad CoverageReporterStarter                                                                        :        1 samples, Peak.  3.19 ms (1.0x), Avg.  3.19 ms, Total. 3.193 ms (0.0%)
[Performance] InitializeOnLoad SampleDependencyImporter                                                                       :        1 samples, Peak.   653 us (1.0x), Avg.   653 us, Total. 653.4 us (0.0%)
[Performance] InitializeOnLoad VisualStudioEditor                                                                             :        1 samples, Peak.  7.33 ms (1.0x), Avg.  7.33 ms, Total. 7.331 ms (0.1%)
[Performance] InitializeOnLoad TestRunnerApiListener                                                                          :        1 samples, Peak.   423 us (1.0x), Avg.   423 us, Total. 423.3 us (0.0%)
[Performance] InitializeOnLoad VisualStudioIntegration                                                                        :        1 samples, Peak.  1.33 ms (1.0x), Avg.  1.33 ms, Total. 1.332 ms (0.0%)
[Performance] InitializeOnLoad PrefabLayoutRebuilder                                                                          :        1 samples, Peak.   203 us (1.0x), Avg.   203 us, Total. 202.6 us (0.0%)
[Performance] InitializeOnLoad RiderScriptEditor                                                                              :        1 samples, Peak.  4.37 ms (1.0x), Avg.  4.37 ms, Total. 4.370 ms (0.0%)
[Performance] InitializeOnLoad CallbackInitializer                                                                            :        1 samples, Peak.  1.35 ms (1.0x), Avg.  1.35 ms, Total. 1.353 ms (0.0%)
[Performance] InitializeOnLoad VSCodeScriptEditor                                                                             :        1 samples, Peak.  2.45 ms (1.0x), Avg.  2.45 ms, Total. 2.447 ms (0.0%)
[Performance] InitializeOnLoad TestJobDataHolder.ResumeRunningJobs                                                            :        1 samples, Peak.   922 us (1.0x), Avg.   922 us, Total. 921.5 us (0.0%)
[Performance] InitializeOnLoad AnalyticsReporter.RegisterCallbacks                                                            :        1 samples, Peak.   462 us (1.0x), Avg.   462 us, Total. 461.8 us (0.0%)
[Performance] InitializeOnLoad VisualStudioEditor.LegacyVisualStudioCodePackageDisabler                                       :        1 samples, Peak.  4.25 ms (1.0x), Avg.  4.25 ms, Total. 4.250 ms (0.0%)
[Performance] DidReloadScriptsTestRunnerWindow.CompilationCallback                                                            :        1 samples, Peak.   768 us (1.0x), Avg.   768 us, Total. 768.0 us (0.0%)
[Performance] DidReloadScriptsTestListCache.ScriptReloaded                                                                    :        1 samples, Peak.  1.35 ms (1.0x), Avg.  1.35 ms, Total. 1.346 ms (0.0%)
[Performance] DidReloadScriptsAdvancedDropdownWindow.OnScriptReload                                                           :        1 samples, Peak.   193 us (1.0x), Avg.   193 us, Total. 192.5 us (0.0%)
[Performance] AssetDatabase.ImportAssets                                                                                      :        7 samples, Peak.   900 ns (2.0x), Avg.   443 ns, Total. 3.100 us (0.0%)
[Performance] VersionControl.Task.Wait                                                                                        :        1 samples, Peak.  5.20 us (1.0x), Avg.  5.20 us, Total. 5.200 us (0.0%)
[Performance] TMPro_TexturePostProcessor.OnPostprocessAllAssets                                                               :        6 samples, Peak.   511 us (3.1x), Avg.   163 us, Total. 975.5 us (0.0%)
[Performance] UVCSAssetPostprocessor.OnPostprocessAllAssets                                                                   :        6 samples, Peak.   277 us (3.0x), Avg.  93.5 us, Total. 561.3 us (0.0%)
[Performance] BuilderAssetPostprocessor.OnPostprocessAllAssets                                                                :        6 samples, Peak.  1.73 ms (3.0x), Avg.   584 us, Total. 3.507 ms (0.0%)
[Performance] ArtifactBrowserPostProcessor.OnPostprocessAllAssets                                                             :        6 samples, Peak.   351 us (3.0x), Avg.   118 us, Total. 707.0 us (0.0%)
[Performance] AssetEvents.OnPostprocessAllAssets                                                                              :       12 samples, Peak.   124 us (4.6x), Avg.  27.2 us, Total. 326.7 us (0.0%)
[Performance] AudioMixerPostprocessor.OnPostprocessAllAssets                                                                  :        6 samples, Peak.   172 us (3.0x), Avg.  58.2 us, Total. 349.3 us (0.0%)
[Performance] DomainReloadPostprocessor.OnPostprocessAllAssets                                                                :        6 samples, Peak.   752 us (2.9x), Avg.   257 us, Total. 1.540 ms (0.0%)
[Performance] StyleCatalogPostProcessor.OnPostprocessAllAssets                                                                :        6 samples, Peak.  12.0 ms (3.0x), Avg.  4.01 ms, Total. 24.04 ms (0.2%)
[Performance] BuildCatalog                                                                                                    :        1 samples, Peak.  11.3 ms (1.0x), Avg.  11.3 ms, Total. 11.27 ms (0.1%)
[Performance] ModelImporterPostProcessor.OnPostprocessAllAssets                                                               :        6 samples, Peak.   685 us (2.9x), Avg.   234 us, Total. 1.402 ms (0.0%)
[Performance] RetainedModeAssetPostprocessor.OnPostprocessAllAssets                                                           :        6 samples, Peak.  1.51 ms (3.0x), Avg.   512 us, Total. 3.074 ms (0.0%)
[Performance] AssetChangedListener.OnPostprocessAllAssets                                                                     :        6 samples, Peak.   998 us (2.5x), Avg.   403 us, Total. 2.415 ms (0.0%)
[Performance] SpeedTreePostProcessor.OnPostprocessAllAssets                                                                   :        6 samples, Peak.   120 us (2.8x), Avg.  42.9 us, Total. 257.2 us (0.0%)
[Performance] TextAssetPostProcessor.OnPostprocessAllAssets                                                                   :        6 samples, Peak.   246 us (2.9x), Avg.  85.9 us, Total. 515.2 us (0.0%)
[Performance] SamplePostprocessor.OnPostprocessAllAssets                                                                      :        6 samples, Peak.  83.4 us (2.9x), Avg.  28.4 us, Total. 170.6 us (0.0%)
[Performance] SyncVS.PostprocessSyncProject                                                                                   :        3 samples, Peak.  2.45 ms (2.7x), Avg.   891 us, Total. 2.674 ms (0.0%)
[Performance] EditorApplication.projectChanged: UnityEditor.Audio.MixerEffectDefinitionReloader.OnProjectChanged              :        2 samples, Peak.   265 us (1.1x), Avg.   253 us, Total. 505.2 us (0.0%)
[Performance] Application.ImportPackagesAndSetTemplateWhenCreatingProject                                                     :        1 samples, Peak.  12.3 ms (1.0x), Avg.  12.3 ms, Total. 12.29 ms (0.1%)
[Performance] Application.SyncCurrentColorSpace                                                                               :        1 samples, Peak.  90.5 ms (1.0x), Avg.  90.5 ms, Total. 90.48 ms (0.9%)
[Performance] Application.OnUsbDevicesChanged                                                                                 :        1 samples, Peak.  2.83 ms (1.0x), Avg.  2.83 ms, Total. 2.831 ms (0.0%)
[Performance] Application.AssetInstanceCacheUpdate                                                                            :        1 samples, Peak.   100 ns (1.0x), Avg.   100 ns, Total. 100.0 ns (0.0%)
[Performance] Application.UnityExtensions.Initialize                                                                          :        1 samples, Peak.  2.20 ms (1.0x), Avg.  2.20 ms, Total. 2.202 ms (0.0%)
[Performance] CodeEditorProjectSync.SyncEditorProject                                                                         :        1 samples, Peak.   104 ms (1.0x), Avg.   104 ms, Total. 104.0 ms (1.0%)
[Performance] Application.ExecuteStartups                                                                                     :        1 samples, Peak.  45.5 ms (1.0x), Avg.  45.5 ms, Total. 45.52 ms (0.4%)
[Performance] Menu.RegisterMenuInterface                                                                                      :       27 samples, Peak.  1.90 us (10.9x), Avg.   174 ns, Total. 4.700 us (0.0%)
[Performance] Gizmo.RebuildRenderers                                                                                          :        1 samples, Peak.  42.4 ms (1.0x), Avg.  42.4 ms, Total. 42.39 ms (0.4%)
[Performance] Gizmo.AddGizmoRenderers                                                                                         :       75 samples, Peak.  1.10 ms (49.7x), Avg.  22.2 us, Total. 1.664 ms (0.0%)
[Performance] Application.editorInitializingProject                                                                           :        1 samples, Peak.   709 ms (1.0x), Avg.   709 ms, Total. 709.3 ms (6.8%)
[Performance] Application.InitializeMenu                                                                                      :        1 samples, Peak.   145 ms (1.0x), Avg.   145 ms, Total. 145.1 ms (1.4%)
[Performance] Menu.RebuildAll                                                                                                 :        1 samples, Peak.   145 ms (1.0x), Avg.   145 ms, Total. 145.1 ms (1.4%)
[Performance] Menu.BuildRegisteredMenuInterfaces                                                                              :        1 samples, Peak.   144 ms (1.0x), Avg.   144 ms, Total. 143.8 ms (1.4%)
[Performance] Menu.FilterMenuItem                                                                                             :      598 samples, Peak.  24.7 ms (594.8x), Avg.  41.5 us, Total. 24.83 ms (0.2%)
[Performance] UpdateAllMenus                                                                                                  :        1 samples, Peak.   440 us (1.0x), Avg.   440 us, Total. 440.3 us (0.0%)
[Performance] Menu.RebuildOSMainMenu                                                                                          :        2 samples, Peak.  2.05 ms (1.4x), Avg.  1.43 ms, Total. 2.862 ms (0.0%)
[Performance] EditorSceneManager.sceneClosing: UnityEditor.SceneVisibilityManager.EditorSceneManagerOnSceneClosing            :        2 samples, Peak.   192 us (1.9x), Avg.  98.9 us, Total. 197.7 us (0.0%)
[Performance] GUIView.RepaintAll.PlayerLoopController                                                                         :        1 samples, Peak.   800 ns (1.0x), Avg.   800 ns, Total. 800.0 ns (0.0%)
[Performance] EditorSceneManager.newSceneCreated: UnityEditor.SceneTemplate.SceneTemplateService.OnNewSceneCreated            :        1 samples, Peak.   171 us (1.0x), Avg.   171 us, Total. 171.5 us (0.0%)
[Performance] EditorSceneManager.newSceneCreated: UnityEditor.SceneVisibilityManager.EditorSceneManagerOnNewSceneCreated      :        1 samples, Peak.   116 us (1.0x), Avg.   116 us, Total. 116.1 us (0.0%)
[Performance] EditorSceneManager.newSceneCreated: UnityEditor.SceneManagement.StageNavigationManager.OnNewSceneCreated        :        1 samples, Peak.  34.0 us (1.0x), Avg.  34.0 us, Total. 34.00 us (0.0%)
[Performance] Application.InvokeFinishedLoadingProject                                                                        :        1 samples, Peak.  4.23 ms (1.0x), Avg.  4.23 ms, Total. 4.228 ms (0.0%)
[Performance] ProcessService.OnProjectLoaded                                                                                  :        1 samples, Peak.  28.8 us (1.0x), Avg.  28.8 us, Total. 28.80 us (0.0%)
[Performance] EditorSceneManager.sceneOpening: UnityEditor.SceneVisibilityManager.EditorSceneManagerOnSceneOpening            :        1 samples, Peak.   141 us (1.0x), Avg.   141 us, Total. 141.3 us (0.0%)
[Performance] Inspector.InitOrRebuild                                                                                         :        1 samples, Peak.   357 us (1.0x), Avg.   357 us, Total. 356.8 us (0.0%)
[Performance] EditorSceneManager.sceneOpened: UnityEditor.SceneTemplate.SceneTemplateService.OnSceneOpened                    :        1 samples, Peak.   243 us (1.0x), Avg.   243 us, Total. 242.5 us (0.0%)
[Performance] EditorSceneManager.sceneOpened: UnityEditor.SceneVisibilityManager.EditorSceneManagerOnSceneOpened              :        1 samples, Peak.  70.5 us (1.0x), Avg.  70.5 us, Total. 70.50 us (0.0%)
[Performance] EditorSceneManager.sceneOpened: UnityEditor.SceneManagement.StageNavigationManager.OnSceneOpened                :        1 samples, Peak.  28.1 us (1.0x), Avg.  28.1 us, Total. 28.10 us (0.0%)
[Performance] SceneDataContainer.TransformHierarchyChangedSetParentCallback                                                   :       42 samples, Peak. 10.00 us (14.5x), Avg.   688 ns, Total. 28.90 us (0.0%)
[Performance] SceneVisibilityState.IsFlagSetInParents                                                                         :      123 samples, Peak.   900 ns (5.5x), Avg.   164 ns, Total. 20.20 us (0.0%)
[Performance] FlowMacroSavedEvent.OnWillSaveAssets                                                                            :        3 samples, Peak.   134 us (2.8x), Avg.  48.1 us, Total. 144.3 us (0.0%)
[Performance] StateMacroSavedEvent.OnWillSaveAssets                                                                           :        3 samples, Peak.  82.6 us (2.9x), Avg.  28.1 us, Total. 84.30 us (0.0%)
[Performance] UnityCloudProjectLinkMonitor.OnWillSaveAssets                                                                   :        3 samples, Peak.   223 us (3.0x), Avg.  75.0 us, Total. 224.9 us (0.0%)
[Performance] UVCSAssetModificationProcessor.OnWillSaveAssets                                                                 :        3 samples, Peak.   207 us (3.0x), Avg.  69.7 us, Total. 209.0 us (0.0%)
[Performance] BuilderAssetModificationProcessor.OnWillSaveAssets                                                              :        3 samples, Peak.   220 us (3.0x), Avg.  74.1 us, Total. 222.2 us (0.0%)
[Performance] TerrainModificationProcessor.OnWillSaveAssets                                                                   :        3 samples, Peak.   420 us (3.0x), Avg.   141 us, Total. 421.6 us (0.0%)
[Performance] EditorSceneManager.sceneSaving: UnityEditor.SceneTemplate.SceneTemplateService.OnSceneSaving                    :        1 samples, Peak.   169 us (1.0x), Avg.   169 us, Total. 169.2 us (0.0%)
[Performance] EditorSceneManager.sceneSaving: UnityEditor.SceneVisibilityManager.EditorSceneManagerOnSceneSaving              :        1 samples, Peak.  68.7 us (1.0x), Avg.  68.7 us, Total. 68.70 us (0.0%)
[Performance] BuilderAssetModificationProcessor.OnWillCreateAsset                                                             :        1 samples, Peak.   182 us (1.0x), Avg.   182 us, Total. 182.3 us (0.0%)
[Performance] AssetDatabase.ImportAsset                                                                                       :        1 samples, Peak.  30.7 ms (1.0x), Avg.  30.7 ms, Total. 30.67 ms (0.3%)
[Performance] EditorSceneManager.sceneSaved: UnityEditor.SceneTemplate.SceneTemplateService.OnSceneSaved                      :        1 samples, Peak.  11.0 ms (1.0x), Avg.  11.0 ms, Total. 10.96 ms (0.1%)
[Performance] EditorSceneManager.sceneSaved: UnityEditor.SceneVisibilityManager.EditorSceneManagerOnSceneSaved                :        1 samples, Peak.   103 us (1.0x), Avg.   103 us, Total. 102.9 us (0.0%)
[Performance] EditorApplication.quitting: UnityEditor.SettingsManagement.FileSettingsRepository.Save                          :        1 samples, Peak.   988 us (1.0x), Avg.   988 us, Total. 988.2 us (0.0%)
[Performance] EditorApplication.quitting: callback in UnityEditor.TextCore.Text.EditorEventCallbacks                          :        1 samples, Peak.  3.97 ms (1.0x), Avg.  3.97 ms, Total. 3.975 ms (0.0%)
[Performance] Application.Shutdown.PauseProfilerSession                                                                       :        1 samples, Peak.  19.0 us (1.0x), Avg.  19.0 us, Total. 19.00 us (0.0%)
[Performance] Application.Shutdown.PauseAssetImportWorkers                                                                    :        1 samples, Peak.  93.7 us (1.0x), Avg.  93.7 us, Total. 93.70 us (0.0%)
[Performance] Application.Shutdown.SaveAssets                                                                                 :        1 samples, Peak.  3.03 ms (1.0x), Avg.  3.03 ms, Total. 3.033 ms (0.0%)
[Performance] Application.Shutdown.CleanupRenderPipeline                                                                      :        1 samples, Peak.  4.40 us (1.0x), Avg.  4.40 us, Total. 4.400 us (0.0%)
[Performance] Application.Shutdown.StopPreloadManager                                                                         :        1 samples, Peak.  9.86 ms (1.0x), Avg.  9.86 ms, Total. 9.865 ms (0.1%)
[Performance] Application.Shutdown.DestroyWorld                                                                               :        1 samples, Peak.  1.63 ms (1.0x), Avg.  1.63 ms, Total. 1.627 ms (0.0%)
[Performance] Application.Shutdown.CleanupAfterLoad                                                                           :        1 samples, Peak.  1.69 ms (1.0x), Avg.  1.69 ms, Total. 1.694 ms (0.0%)
[Performance] Application.Shutdown.Progress                                                                                   :        1 samples, Peak.  4.70 us (1.0x), Avg.  4.70 us, Total. 4.700 us (0.0%)
[Performance] Application.Shutdown.GICleanupManagers                                                                          :        1 samples, Peak.   423 us (1.0x), Avg.   423 us, Total. 422.7 us (0.0%)
[Performance] Application.Shutdown.MenuCleanupClass                                                                           :        1 samples, Peak.   110 us (1.0x), Avg.   110 us, Total. 109.5 us (0.0%)
[Performance] Application.Shutdown.ADBSaveStateBeforeShutdown                                                                 :        1 samples, Peak.  7.90 us (1.0x), Avg.  7.90 us, Total. 7.900 us (0.0%)
[Performance] Application.Shutdown.RemoteShutdown                                                                             :        1 samples, Peak.   800 ns (1.0x), Avg.   800 ns, Total. 800.0 ns (0.0%)
[Performance] Application.Shutdown.CleanupVCProvider                                                                          :        1 samples, Peak.  5.30 us (1.0x), Avg.  5.30 us, Total. 5.300 us (0.0%)
[Performance] Application.Shutdown.InputShutdown                                                                              :        1 samples, Peak.   400 ns (1.0x), Avg.   400 ns, Total. 400.0 ns (0.0%)
[Performance] Application.Shutdown.GizmoManagerDestroy                                                                        :        1 samples, Peak.   628 us (1.0x), Avg.   628 us, Total. 627.9 us (0.0%)
[Performance] Application.Shutdown.ProfilerSession                                                                            :        1 samples, Peak.   155 us (1.0x), Avg.   155 us, Total. 154.8 us (0.0%)
[Performance] Application.Shutdown.ReleaseGfxWindowOnAllGUIViews                                                              :        1 samples, Peak.   400 ns (1.0x), Avg.   400 ns, Total. 400.0 ns (0.0%)
[Performance] Application.Shutdown.CleanupEngine                                                                              :        1 samples, Peak.   118 ms (1.0x), Avg.   118 ms, Total. 118.2 ms (1.1%)
[Performance] Application.Shutdown.CleanupAssetDatabase                                                                       :        1 samples, Peak.  6.79 ms (1.0x), Avg.  6.79 ms, Total. 6.790 ms (0.1%)
[Performance] Application.Shutdown.ScriptCompilationCleanUp                                                                   :        1 samples, Peak.  21.9 ms (1.0x), Avg.  21.9 ms, Total. 21.94 ms (0.2%)
[Performance] Application.Shutdown.DestroyJobSystem                                                                           :        1 samples, Peak.   116 us (1.0x), Avg.   116 us, Total. 115.7 us (0.0%)
[Performance] Application.Shutdown.CleanupPersistentManager                                                                   :        1 samples, Peak.  1.10 ms (1.0x), Avg.  1.10 ms, Total. 1.097 ms (0.0%)
[Performance] Application.Shutdown.CleanupAsyncReadManager                                                                    :        1 samples, Peak.   371 us (1.0x), Avg.   371 us, Total. 371.3 us (0.0%)
[Performance] Application.Shutdown.CleanupProgressBar                                                                         :        1 samples, Peak.   200 ns (1.0x), Avg.   200 ns, Total. 200.0 ns (0.0%)
[Performance] Application.Shutdown.CleanupMono                                                                                :        1 samples, Peak.  32.4 ms (1.0x), Avg.  32.4 ms, Total. 32.44 ms (0.3%)
[Performance] Application.Shutdown.CleanupStdConverters                                                                       :        1 samples, Peak.  7.50 us (1.0x), Avg.  7.50 us, Total. 7.500 us (0.0%)
[Performance] Application.Shutdown.UnloadAllPlatformSupportModuleNativeDlls                                                   :        1 samples, Peak.   600 ns (1.0x), Avg.   600 ns, Total. 600.0 ns (0.0%)
[Performance] Application.Shutdown.UnloadAllPlatformSupportNativeLibraries                                                    :        1 samples, Peak.  1.79 s (1.0x), Avg.  1.79 s, Total. 1.794 s (17.1%)
[Performance] Application.Shutdown.CleanupAutoDocumentation                                                                   :        1 samples, Peak.   341 us (1.0x), Avg.   341 us, Total. 340.8 us (0.0%)
[Performance] Application.Shutdown.ShaderNameManagerDestroy                                                                   :        1 samples, Peak.  51.5 us (1.0x), Avg.  51.5 us, Total. 51.50 us (0.0%)
[Performance] Application.Shutdown.CleanupCacheServer                                                                         :        1 samples, Peak.   200 ns (1.0x), Avg.   200 ns, Total. 200.0 ns (0.0%)
[Performance] Application.Shutdown.Virtualization_Shutdown                                                                    :        1 samples, Peak.   300 ns (1.0x), Avg.   300 ns, Total. 300.0 ns (0.0%)
[Performance] Application.Shutdown.DevConnections                                                                             :        1 samples, Peak.   123 us (1.0x), Avg.   123 us, Total. 122.7 us (0.0%)
Exiting batchmode successfully now!
Exiting without the bug reporter. Application will terminate with return code 0